Microchip MPLAB XC8 Compiler V2.45

Linker command line:

-W-3 \
  --edf=C:\Program Files\Microchip\xc8\v2.45\pic\dat\20230818022343_en.msgs \
  -cn -h+dist/default/production\__SmartHome.X.production.sym \
  --cmf=dist/default/production\__SmartHome.X.production.cmf -z -Q18F46K20 \
  -oC:\Users\HOSSAM~1\AppData\Local\Temp\xcAsn5g.\driver_tmp_3.o \
  --defsym=__MPLAB_BUILD=1 --fixupoverflow=error \
  -Mdist/default/production/__SmartHome.X.production.map \
  --md=C:\Users\HOSSAM~1\AppData\Local\Temp\xcAsn5g.\driver_tmp_0.dat -E1 \
  -ver=XC8 Compiler --acfsm=1493 -ACODE=00h-0FFFFh -ACONST=00h-0FFFFh \
  -ASMALLCONST=01000h-010FFhx240 -AMEDIUMCONST=01000h-0FFFFh \
  -ACOMRAM=01h-05Fh -AABS1=00h-0F5Fh -ABIGRAM=01h-0F5Fh \
  -ARAM=060h-0FFh,0100h-01FFhx14,0F00h-0F5Fh -ABANK0=060h-0FFh \
  -ABANK1=0100h-01FFh -ABANK2=0200h-02FFh -ABANK3=0300h-03FFh \
  -ABANK4=0400h-04FFh -ABANK5=0500h-05FFh -ABANK6=0600h-06FFh \
  -ABANK7=0700h-07FFh -ABANK8=0800h-08FFh -ABANK9=0900h-09FFh \
  -ABANK10=0A00h-0AFFh -ABANK11=0B00h-0BFFh -ABANK12=0C00h-0CFFh \
  -ABANK13=0D00h-0DFFh -ABANK14=0E00h-0EFFh -ABANK15=0F00h-0F5Fh \
  -ASFR=0F60h-0FFFh -ABIGSFR=0F60h-0FFFh -ACONFIG=0300000h-030000Dh \
  -AIDLOC=0200000h-0200007h -AEEDATA=0F00000h-0F003FFh -peeprom_data=EEDATA \
  -preset_vec=00h,intcode=08h,intcodelo,powerup,init -pramtop=01000h \
  -psmallconst=SMALLCONST -pmediumconst=MEDIUMCONST -pconst=CONST \
  -AFARRAM=00h-00h \
  -prdata=COMRAM,nvrram=COMRAM,nvbit=COMRAM,rbss=COMRAM,rbit=COMRAM \
  -pfarbss=FARRAM,fardata=FARRAM,nvFARRAM=FARRAM \
  -pintsave_regs=BIGRAM,bigbss=BIGRAM,bigdata=BIGRAM -pbss=RAM \
  -pidata=CODE,irdata=CODE,ibigdata=CODE,ifardata=CODE -prparam=COMRAM \
  C:\Users\HOSSAM~1\AppData\Local\Temp\xcAsn5g.\driver_tmp_9.o \
  dist/default/production\__SmartHome.X.production.o 

Object code version is 3.11

Machine type is 18F46K20



                Name                               Link     Load   Length Selector   Space Scale
C:\Users\HOSSAM~1\AppData\Local\Temp\xcAsn5g.\driver_tmp_9.o
                config                           300000   300000        E        0       4
                init                                 B6       B6        4        4       0
                reset_vec                             0        0        4        0       0
dist/default/production\__SmartHome.X.production.o
                intcode                               8        8       AE        4       0
                config                           300000   300000        E        0       4
                temp                                 4C       4C        1        1       1
                smallconst                         1000     1000       30      800       0
                text73                             1BEE     1BEE        4      818       0
                text72                             1BEA     1BEA        4      818       0
                text71                             19EA     19EA       22      818       0
                text70                             167E     167E       66      818       0
                text69                             1A86     1A86       18      818       0
                text68                             1958     1958       2C      818       0
                text67                             192C     192C       2C      818       0
                text66                             1900     1900       2C      818       0
                text65                             18D4     18D4       2C      818       0
                text64                             1834     1834       42      818       0
                text63                             1BE6     1BE6        4      818       0
                text62                             1BE2     1BE2        4      818       0
                text61                             1BDE     1BDE        4      818       0
                text60                             1BB8     1BB8        6      818       0
                text59                             1BDA     1BDA        4      818       0
                text58                             1BB2     1BB2        6      818       0
                text57                             1BA4     1BA4        8      818       0
                text56                             1ADE     1ADE       14      818       0
                text55                             1BD6     1BD6        4      818       0
                text54                             13E2     13E2       7A      818       0
                text53                             1B52     1B52        A      818       0
                text52                             1AF2     1AF2        E      818       0
                text51                             1B00     1B00        C      818       0
                text50                             1030     1030       BE      818       0
                text49                             10EE     10EE       A4      818       0
                text48                             1B48     1B48        A      818       0
                text47                             1B9C     1B9C        8      818       0
                text46                             1B94     1B94        8      818       0
                text45                             1B8C     1B8C        8      818       0
                text44                             1B84     1B84        8      818       0
                text43                             1B7C     1B7C        8      818       0
                text42                             1B74     1B74        8      818       0
                text41                             1B6C     1B6C        8      818       0
                text40                             1B3E     1B3E        A      818       0
                text39                             1748     1748       64      818       0
                text38                             1BD2     1BD2        4      818       0
                text37                             1618     1618       66      818       0
                text36                             1BAC     1BAC        6      818       0
                text34                             1BCE     1BCE        4      818       0
                text33                             1BCA     1BCA        4      818       0
                text32                             1BC6     1BC6        4      818       0
                text31                             18A6     18A6       2E      818       0
                text30                             1BC2     1BC2        4      818       0
                text29                             17F0     17F0       44      818       0
                text28                             1B64     1B64        8      818       0
                text27                             1BBE     1BBE        4      818       0
                text26                             19C8     19C8       22      818       0
                text25                             1B34     1B34        A      818       0
                text24                             1192     1192       A2      818       0
                text23                             1546     1546       6A      818       0
                text22                             1A6E     1A6E       18      818       0
                text21                             19A6     19A6       22      818       0
                text20                             1A56     1A56       18      818       0
                text19                             1364     1364       7E      818       0
                text18                             1A3E     1A3E       18      818       0
                text17                             14D2     14D2       74      818       0
                text16                             1AB4     1AB4       16      818       0
                text15                             1A26     1A26       18      818       0
                text14                             16E4     16E4       64      818       0
                text13                             1234     1234       A0      818       0
                text12                             15B0     15B0       68      818       0
                text11                             1B2A     1B2A        A      818       0
                text10                             1B20     1B20        A      818       0
                text9                              1B16     1B16        A      818       0
                text8                              17AC     17AC       44      818       0
                text7                              1ACA     1ACA       14      818       0
                text6                              1B5C     1B5C        8      818       0
                text5                              1B0C     1B0C        A      818       0
                text4                              1876     1876       30      818       0
                text3                              1A9E     1A9E       16      818       0
                text2                              12D4     12D4       90      818       0
                text1                              1A0C     1A0C       1A      818       0
                text0                              145C     145C       76      818       0
                cstackCOMRAM                         31       31       1B        1       1
                cstackBANK0                          78       78       13       60       1
                bssBANK0                             60       60       18       60       1
                bssCOMRAM                             1        1       30        1       1
                cinit                              1984     1984       22      818       0
                nvBANK0                              8B       8B        6       60       1

TOTAL           Name                               Link     Load   Length     Space
        CLASS   CODE           
                intcode                               8        8       AE         0
                init                                 B6       B6        4         0
                reset_vec                             0        0        4         0
                text73                             1BEE     1BEE        4         0
                text72                             1BEA     1BEA        4         0
                text71                             19EA     19EA       22         0
                text70                             167E     167E       66         0
                text69                             1A86     1A86       18         0
                text68                             1958     1958       2C         0
                text67                             192C     192C       2C         0
                text66                             1900     1900       2C         0
                text65                             18D4     18D4       2C         0
                text64                             1834     1834       42         0
                text63                             1BE6     1BE6        4         0
                text62                             1BE2     1BE2        4         0
                text61                             1BDE     1BDE        4         0
                text60                             1BB8     1BB8        6         0
                text59                             1BDA     1BDA        4         0
                text58                             1BB2     1BB2        6         0
                text57                             1BA4     1BA4        8         0
                text56                             1ADE     1ADE       14         0
                text55                             1BD6     1BD6        4         0
                text54                             13E2     13E2       7A         0
                text53                             1B52     1B52        A         0
                text52                             1AF2     1AF2        E         0
                text51                             1B00     1B00        C         0
                text50                             1030     1030       BE         0
                text49                             10EE     10EE       A4         0
                text48                             1B48     1B48        A         0
                text47                             1B9C     1B9C        8         0
                text46                             1B94     1B94        8         0
                text45                             1B8C     1B8C        8         0
                text44                             1B84     1B84        8         0
                text43                             1B7C     1B7C        8         0
                text42                             1B74     1B74        8         0
                text41                             1B6C     1B6C        8         0
                text40                             1B3E     1B3E        A         0
                text39                             1748     1748       64         0
                text38                             1BD2     1BD2        4         0
                text37                             1618     1618       66         0
                text36                             1BAC     1BAC        6         0
                text34                             1BCE     1BCE        4         0
                text33                             1BCA     1BCA        4         0
                text32                             1BC6     1BC6        4         0
                text31                             18A6     18A6       2E         0
                text30                             1BC2     1BC2        4         0
                text29                             17F0     17F0       44         0
                text28                             1B64     1B64        8         0
                text27                             1BBE     1BBE        4         0
                text26                             19C8     19C8       22         0
                text25                             1B34     1B34        A         0
                text24                             1192     1192       A2         0
                text23                             1546     1546       6A         0
                text22                             1A6E     1A6E       18         0
                text21                             19A6     19A6       22         0
                text20                             1A56     1A56       18         0
                text19                             1364     1364       7E         0
                text18                             1A3E     1A3E       18         0
                text17                             14D2     14D2       74         0
                text16                             1AB4     1AB4       16         0
                text15                             1A26     1A26       18         0
                text14                             16E4     16E4       64         0
                text13                             1234     1234       A0         0
                text12                             15B0     15B0       68         0
                text11                             1B2A     1B2A        A         0
                text10                             1B20     1B20        A         0
                text9                              1B16     1B16        A         0
                text8                              17AC     17AC       44         0
                text7                              1ACA     1ACA       14         0
                text6                              1B5C     1B5C        8         0
                text5                              1B0C     1B0C        A         0
                text4                              1876     1876       30         0
                text3                              1A9E     1A9E       16         0
                text2                              12D4     12D4       90         0
                text1                              1A0C     1A0C       1A         0
                text0                              145C     145C       76         0
                cinit                              1984     1984       22         0

        CLASS   CONST          

        CLASS   SMALLCONST     
                smallconst                         1000     1000       30         0

        CLASS   MEDIUMCONST    

        CLASS   COMRAM         
                temp                                 4C       4C        1         1
                cstackCOMRAM                         31       31       1B         1
                bssCOMRAM                             1        1       30         1

        CLASS   ABS1           

        CLASS   BIGRAM         

        CLASS   RAM            

        CLASS   BANK0          
                cstackBANK0                          78       78       13         1
                bssBANK0                             60       60       18         1
                nvBANK0                              8B       8B        6         1

        CLASS   BANK1          

        CLASS   BANK2          

        CLASS   BANK3          

        CLASS   BANK4          

        CLASS   BANK5          

        CLASS   BANK6          

        CLASS   BANK7          

        CLASS   BANK8          

        CLASS   BANK9          

        CLASS   BANK10         

        CLASS   BANK11         

        CLASS   BANK12         

        CLASS   BANK13         

        CLASS   BANK14         

        CLASS   BANK15         

        CLASS   SFR            

        CLASS   BIGSFR         

        CLASS   CONFIG         
                config                           300000   300000        E         4

        CLASS   IDLOC          

        CLASS   EEDATA         

        CLASS   FARRAM         

        CLASS   HEAP           

        CLASS   STACK          



SEGMENTS        Name                           Load    Length   Top    Selector   Space  Class

                reset_vec                      000000  000004  000004         0       0  CODE    
                bssCOMRAM                      000001  00004C  00004D         1       1  COMRAM  
                intcode                        000008  0000B2  0000BA         4       0  CODE    
                bssBANK0                       000060  000031  000091        60       1  BANK0   
                smallconst                     001000  000030  001030       800       0  SMALLCON
                text50                         001030  000BC2  001BF2       818       0  CODE    


UNUSED ADDRESS RANGES

        Name                Unused          Largest block    Delta
        BANK0            000091-0000FF               6F
        BANK1            000100-0001FF              100
        BANK10           000A00-000AFF              100
        BANK11           000B00-000BFF              100
        BANK12           000C00-000CFF              100
        BANK13           000D00-000DFF              100
        BANK14           000E00-000EFF              100
        BANK15           000F00-000F5F               60
        BANK2            000200-0002FF              100
        BANK3            000300-0003FF              100
        BANK4            000400-0004FF              100
        BANK5            000500-0005FF              100
        BANK6            000600-0006FF              100
        BANK7            000700-0007FF              100
        BANK8            000800-0008FF              100
        BANK9            000900-0009FF              100
        BIGRAM           00004D-00005F               13
                         000091-000F5F              ECF
        BIGSFR           000F60-000FFF               A0
        CODE             000004-000007                4
                         0000BA-000FFF              F46
                         001BF2-00FFFF             E40E
        COMRAM           00004D-00005F               13
        CONST            000004-000007                4
                         0000BA-000FFF              F46
                         001BF2-00FFFF             E40E
        EEDATA           F00000-F003FF              400
        IDLOC            200000-200007                8
        MEDIUMCONST      001BF2-00FFFF             E40E
        RAM              000091-000F5F              100
        SFR              000F60-000FFF               A0
        SMALLCONST       001BF2-00FFFF              100

                                  Symbol Table

?_I2C_Read2ByteRegister                        cstackBANK0  000081
?_RealTimeClockDS1307_Get_Date_Time            cstackBANK0  000084
EEPROM_240C02C_Read_Byte@Byte_Address          cstackBANK0  000084
EEPROM_240C02C_Read_Byte@EEPROM_Address        cstackBANK0  000085
EEPROM_240C02C_Read_Byte@Rec_Value             cstackBANK0  000086
EEPROM_240C02C_Write_Byte@Byte_Address         cstackBANK0  000084
EEPROM_240C02C_Write_Byte@Data                 cstackBANK0  000085
EEPROM_240C02C_Write_Byte@EEPROM_Address       cstackBANK0  000086
EUSART_SetErrorHandler@interruptHandler        cstackBANK0  000078
EUSART_SetFramingErrorHandler@interruptHandler cstackBANK0  000078
EUSART_SetOverrunErrorHandler@interruptHandler cstackBANK0  000078
EUSART_Write@txData                            cstackBANK0  000078
I2C_CallbackReturnReset@funPtr                 cstackCOMRAM 00003A
I2C_Close@returnValue                          cstackBANK0  000078
I2C_MasterOperation@read                       cstackBANK0  000078
I2C_MasterOperation@returnValue                cstackBANK0  000079
I2C_MasterSendTxData@data                      cstackCOMRAM 000031
I2C_Open@address                               cstackBANK0  00007A
I2C_Open@returnValue                           cstackBANK0  00007B
I2C_Read1ByteRegister@address                  cstackBANK0  000082
I2C_Read1ByteRegister@reg                      cstackBANK0  000081
I2C_Read1ByteRegister@returnValue              cstackBANK0  000083
I2C_Read2ByteRegister@address                  cstackBANK0  000086
I2C_Read2ByteRegister@reg                      cstackBANK0  000081
I2C_Read2ByteRegister@returnValue              cstackBANK0  000087
I2C_SetAddressNackCallback@cb                  cstackBANK0  00007D
I2C_SetAddressNackCallback@ptr                 cstackBANK0  00007F
I2C_SetBuffer@buffer                           cstackBANK0  000078
I2C_SetBuffer@bufferSize                       cstackBANK0  00007A
I2C_SetCallback@cb                             cstackBANK0  000078
I2C_SetCallback@idx                            cstackBANK0  00007C
I2C_SetCallback@ptr                            cstackBANK0  00007A
I2C_SetDataCompleteCallback@cb                 cstackBANK0  00007D
I2C_SetDataCompleteCallback@ptr                cstackBANK0  00007F
I2C_SetInterruptHandler@InterruptHandler       cstackBANK0  000078
I2C_Write1ByteRegister@address                 cstackBANK0  000083
I2C_Write1ByteRegister@data                    cstackBANK0  000082
I2C_Write1ByteRegister@reg                     cstackBANK0  000081
TEMSENSOR_TC74_Read_Temp@TC74_Address          cstackBANK0  000089
TEMSENSOR_TC74_Read_Temp@TC74_Value            cstackBANK0  00008A
UART_LOGGINGDATA_send_string@l_string_length   cstackBANK0  00007E
UART_LOGGINGDATA_send_string@string            cstackBANK0  000079
UART_LOGGINGDATA_send_string@string_length     cstackBANK0  00007B
_ANSEL                                         (abs)        000F7E
_ANSELH                                        (abs)        000F7F
_BAUDCON                                       (abs)        000FB8
_DATE_PACK                                     bssBANK0     000066
_EEADR                                         (abs)        000FA9
_EEADRH                                        (abs)        000FAA
_EECON1bits                                    (abs)        000FA6
_EECON2                                        (abs)        000FA7
_EEDATA                                        (abs)        000FA8
_EEPROM_240C02C_Read_Byte                      text18       001A3E
_EEPROM_240C02C_Write_Byte                     text16       001AB4
_EUSART_DefaultErrorHandler                    (abs)        000000
_EUSART_DefaultFramingErrorHandler             (abs)        000000
_EUSART_DefaultOverrunErrorHandler             (abs)        000000
_EUSART_ErrorHandler                           nvBANK0      00008B
_EUSART_FramingErrorHandler                    nvBANK0      00008F
_EUSART_Initialize                             text8        0017AC
_EUSART_OverrunErrorHandler                    nvBANK0      00008D
_EUSART_SetErrorHandler                        text11       001B2A
_EUSART_SetFramingErrorHandler                 text10       001B20
_EUSART_SetOverrunErrorHandler                 text9        001B16
_EUSART_Write                                  text15       001A26
_I2C_CallbackReturnReset                       text62       001BE2
_I2C_CallbackReturnStop                        text63       001BE6
_I2C_Close                                     text31       0018A6
_I2C_DO_ADDRESS_NACK                           text39       001748
_I2C_DO_IDLE                                   text53       001B52
_I2C_DO_RCEN                                   text48       001B48
_I2C_DO_RESET                                  text40       001B3E
_I2C_DO_RX                                     text49       0010EE
_I2C_DO_RX_ACK                                 text43       001B7C
_I2C_DO_RX_NACK_RESTART                        text41       001B6C
_I2C_DO_RX_NACK_STOP                           text42       001B74
_I2C_DO_SEND_ADR_READ                          text52       001AF2
_I2C_DO_SEND_ADR_WRITE                         text51       001B00
_I2C_DO_SEND_RESTART                           text45       001B8C
_I2C_DO_SEND_RESTART_READ                      text47       001B9C
_I2C_DO_SEND_RESTART_WRITE                     text46       001B94
_I2C_DO_SEND_STOP                              text44       001B84
_I2C_DO_TX                                     text50       001030
_I2C_DO_TX_EMPTY                               text54       0013E2
_I2C_Initialize                                text7        001ACA
_I2C_MasterClearIrq                            text34       001BCE
_I2C_MasterClose                               text33       001BCA
_I2C_MasterDisableIrq                          text32       001BC6
_I2C_MasterEnableIrq                           text27       001BBE
_I2C_MasterEnableRestart                       text73       001BEE
_I2C_MasterFsm                                 text37       001618
_I2C_MasterGetRxData                           text59       001BDA
_I2C_MasterIsNack                              text56       001ADE
_I2C_MasterIsr                                 text36       001BAC
_I2C_MasterOpen                                text26       0019C8
_I2C_MasterOperation                           text29       0017F0
_I2C_MasterSendAck                             text58       001BB2
_I2C_MasterSendNack                            text60       001BB8
_I2C_MasterSendTxData                          text57       001BA4
_I2C_MasterSetIrq                              text55       001BD6
_I2C_MasterStart                               text30       001BC2
_I2C_MasterStartRx                             text61       001BDE
_I2C_MasterStop                                text72       001BEA
_I2C_MasterWrite                               text28       001B64
_I2C_Open                                      text24       001192
_I2C_Read1ByteRegister                         text19       001364
_I2C_Read2ByteRegister                         text2        0012D4
_I2C_SetAddressNackCallback                    text22       001A6E
_I2C_SetBuffer                                 text21       0019A6
_I2C_SetCallback                               text23       001546
_I2C_SetDataCompleteCallback                   text20       001A56
_I2C_SetInterruptHandler                       text25       001B34
_I2C_Status                                    bssCOMRAM    000001
_I2C_Write1ByteRegister                        text17       0014D2
_INTCON2bits                                   (abs)        000FF1
_INTCONbits                                    (abs)        000FF2
_INTERRUPT_Initialize                          text6        001B5C
_INTERRUPT_InterruptManagerHigh                intcode      000008
_IPR1bits                                      (abs)        000F9F
_IPR2bits                                      (abs)        000FA2
_LATA                                          (abs)        000F89
_LATB                                          (abs)        000F8A
_LATC                                          (abs)        000F8B
_LATD                                          (abs)        000F8C
_LATE                                          (abs)        000F8D
_MSSP_InterruptHandler                         bssCOMRAM    00002B
_OSCCON                                        (abs)        000FD3
_OSCILLATOR_Initialize                         text5        001B0C
_OSCTUNE                                       (abs)        000F9B
_PIE1bits                                      (abs)        000F9D
_PIE2bits                                      (abs)        000FA0
_PIN_MANAGER_Initialize                        text4        001876
_PIR1bits                                      (abs)        000F9E
_PIR2bits                                      (abs)        000FA1
_Print_DATE                                    text13       001234
_RCONbits                                      (abs)        000FD0
_RCREG                                         (abs)        000FAE
_RCSTA                                         (abs)        000FAB
_RCSTAbits                                     (abs)        000FAB
_RealTimeClockDS1307                           bssBANK0     000060
_RealTimeClockDS1307@RealTimeClockDS1307$F1698 bssCOMRAM    000025
_RealTimeClockDS1307_Get_Date_Time             text12       0015B0
_SPBRG                                         (abs)        000FAF
_SPBRGH                                        (abs)        000FB0
_SSPADD                                        (abs)        000FC8
_SSPBUF                                        (abs)        000FC9
_SSPCON1                                       (abs)        000FC6
_SSPCON1bits                                   (abs)        000FC6
_SSPCON2                                       (abs)        000FC5
_SSPCON2bits                                   (abs)        000FC5
_SSPSTAT                                       (abs)        000FC7
_SSPSTATbits                                   (abs)        000FC7
_SYSTEM_Initialize                             text3        001A9E
_TABLAT                                        (abs)        000FF5
_TBLPTRH                                       (abs)        000FF7
_TBLPTRL                                       (abs)        000FF6
_TBLPTRU                                       (abs)        000FF8
_TEMSENSOR_TC74_Read_Temp                      text1        001A0C
_TRISA                                         (abs)        000F92
_TRISB                                         (abs)        000F93
_TRISC                                         (abs)        000F94
_TRISD                                         (abs)        000F95
_TRISE                                         (abs)        000F96
_TXREG                                         (abs)        000FAD
_TXSTA                                         (abs)        000FAC
_TXSTAbits                                     (abs)        000FAC
_Temp_A7_Value                                 bssCOMRAM    00002D
_UART_LOGGINGDATA_send_string                  text14       0016E4
_WPUB                                          (abs)        000F7C
__HRAM                                         (abs)        000000
__H__absolute__                                __absolute__ 000000
__Habs1                                        abs1         000000
__Hbank0                                       bank0        000000
__Hbank1                                       bank1        000000
__Hbank10                                      bank10       000000
__Hbank11                                      bank11       000000
__Hbank12                                      bank12       000000
__Hbank13                                      bank13       000000
__Hbank14                                      bank14       000000
__Hbank15                                      bank15       000000
__Hbank2                                       bank2        000000
__Hbank3                                       bank3        000000
__Hbank4                                       bank4        000000
__Hbank5                                       bank5        000000
__Hbank6                                       bank6        000000
__Hbank7                                       bank7        000000
__Hbank8                                       bank8        000000
__Hbank9                                       bank9        000000
__Hbigbss                                      bigbss       000000
__Hbigdata                                     bigdata      000000
__Hbigram                                      bigram       000000
__Hbigsfr                                      bigsfr       000000
__Hbss                                         bss          000000
__HbssBANK0                                    bssBANK0     000000
__HbssCOMRAM                                   bssCOMRAM    000000
__Hcinit                                       cinit        000000
__Hclrtext                                     clrtext      000000
__Hcomram                                      comram       000000
__Hconfig                                      config       30000E
__Hconst                                       const        000000
__HcstackBANK0                                 cstackBANK0  000000
__HcstackCOMRAM                                cstackCOMRAM 000000
__Hdata                                        data         000000
__Heeprom_data                                 eeprom_data  000000
__Hfarbss                                      farbss       000000
__Hfardata                                     fardata      000000
__Hheap                                        heap         000000
__Hibigdata                                    ibigdata     000000
__Hidata                                       idata        000000
__Hidloc                                       idloc        000000
__Hifardata                                    ifardata     000000
__Hinit                                        init         0000BA
__Hintcode                                     intcode      0000B6
__Hintcode_body                                intcode_body 000000
__Hintcodelo                                   intcodelo    0000B6
__Hintentry                                    intentry     000000
__Hintret                                      intret       000000
__Hintsave_regs                                intsave_regs 000000
__Hirdata                                      irdata       000000
__Hmediumconst                                 mediumconst  000000
__HnvBANK0                                     nvBANK0      000000
__HnvFARRAM                                    nvFARRAM     000000
__Hnvbit                                       nvbit        000000
__Hnvrram                                      nvrram       000000
__Hparam                                       rparam       000000
__Hpowerup                                     powerup      0000B6
__Hram                                         ram          000000
__Hramtop                                      ramtop       001000
__Hrbit                                        rbit         000000
__Hrbss                                        rbss         000000
__Hrdata                                       rdata        000000
__Hreset_vec                                   reset_vec    000004
__Hrparam                                      rparam       000000
__Hsfr                                         sfr          000000
__Hsmallconst                                  smallconst   001030
__Hspace_0                                     (abs)        001BF2
__Hspace_1                                     (abs)        000091
__Hspace_2                                     (abs)        000000
__Hspace_4                                     (abs)        60000E
__Hstack                                       stack        000000
__Hstruct                                      struct       000000
__Htemp                                        temp         00004D
__Htext                                        text         000000
__Htext0                                       text0        000000
__Htext1                                       text1        000000
__Htext10                                      text10       000000
__Htext11                                      text11       000000
__Htext12                                      text12       000000
__Htext13                                      text13       000000
__Htext14                                      text14       000000
__Htext15                                      text15       000000
__Htext16                                      text16       000000
__Htext17                                      text17       000000
__Htext18                                      text18       000000
__Htext19                                      text19       000000
__Htext2                                       text2        000000
__Htext20                                      text20       000000
__Htext21                                      text21       000000
__Htext22                                      text22       000000
__Htext23                                      text23       000000
__Htext24                                      text24       000000
__Htext25                                      text25       000000
__Htext26                                      text26       000000
__Htext27                                      text27       000000
__Htext28                                      text28       000000
__Htext29                                      text29       000000
__Htext3                                       text3        000000
__Htext30                                      text30       000000
__Htext31                                      text31       000000
__Htext32                                      text32       000000
__Htext33                                      text33       000000
__Htext34                                      text34       000000
__Htext36                                      text36       000000
__Htext37                                      text37       000000
__Htext38                                      text38       000000
__Htext39                                      text39       000000
__Htext4                                       text4        000000
__Htext40                                      text40       000000
__Htext41                                      text41       000000
__Htext42                                      text42       000000
__Htext43                                      text43       000000
__Htext44                                      text44       000000
__Htext45                                      text45       000000
__Htext46                                      text46       000000
__Htext47                                      text47       000000
__Htext48                                      text48       000000
__Htext49                                      text49       000000
__Htext5                                       text5        000000
__Htext50                                      text50       000000
__Htext51                                      text51       000000
__Htext52                                      text52       000000
__Htext53                                      text53       000000
__Htext54                                      text54       000000
__Htext55                                      text55       000000
__Htext56                                      text56       000000
__Htext57                                      text57       000000
__Htext58                                      text58       000000
__Htext59                                      text59       000000
__Htext6                                       text6        000000
__Htext60                                      text60       000000
__Htext61                                      text61       000000
__Htext62                                      text62       000000
__Htext63                                      text63       000000
__Htext64                                      text64       000000
__Htext65                                      text65       000000
__Htext66                                      text66       000000
__Htext67                                      text67       000000
__Htext68                                      text68       000000
__Htext69                                      text69       000000
__Htext7                                       text7        000000
__Htext70                                      text70       000000
__Htext71                                      text71       000000
__Htext72                                      text72       000000
__Htext73                                      text73       000000
__Htext74                                      text74       000000
__Htext8                                       text8        000000
__Htext9                                       text9        000000
__LRAM                                         (abs)        000001
__L__absolute__                                __absolute__ 000000
__Labs1                                        abs1         000000
__Lbank0                                       bank0        000000
__Lbank1                                       bank1        000000
__Lbank10                                      bank10       000000
__Lbank11                                      bank11       000000
__Lbank12                                      bank12       000000
__Lbank13                                      bank13       000000
__Lbank14                                      bank14       000000
__Lbank15                                      bank15       000000
__Lbank2                                       bank2        000000
__Lbank3                                       bank3        000000
__Lbank4                                       bank4        000000
__Lbank5                                       bank5        000000
__Lbank6                                       bank6        000000
__Lbank7                                       bank7        000000
__Lbank8                                       bank8        000000
__Lbank9                                       bank9        000000
__Lbigbss                                      bigbss       000000
__Lbigdata                                     bigdata      000000
__Lbigram                                      bigram       000000
__Lbigsfr                                      bigsfr       000000
__Lbss                                         bss          000000
__LbssBANK0                                    bssBANK0     000000
__LbssCOMRAM                                   bssCOMRAM    000000
__Lcinit                                       cinit        000000
__Lclrtext                                     clrtext      000000
__Lcomram                                      comram       000000
__Lconfig                                      config       000000
__Lconst                                       const        000000
__LcstackBANK0                                 cstackBANK0  000000
__LcstackCOMRAM                                cstackCOMRAM 000000
__Ldata                                        data         000000
__Leeprom_data                                 eeprom_data  000000
__Lfarbss                                      farbss       000000
__Lfardata                                     fardata      000000
__Lheap                                        heap         000000
__Libigdata                                    ibigdata     000000
__Lidata                                       idata        000000
__Lidloc                                       idloc        000000
__Lifardata                                    ifardata     000000
__Linit                                        init         0000B6
__Lintcode                                     intcode      000008
__Lintcode_body                                intcode_body 000000
__Lintcodelo                                   intcodelo    0000B6
__Lintentry                                    intentry     000000
__Lintret                                      intret       000000
__Lintsave_regs                                intsave_regs 000000
__Lirdata                                      irdata       000000
__Lmediumconst                                 mediumconst  000000
__LnvBANK0                                     nvBANK0      000000
__LnvFARRAM                                    nvFARRAM     000000
__Lnvbit                                       nvbit        000000
__Lnvrram                                      nvrram       000000
__Lparam                                       rparam       000000
__Lpowerup                                     powerup      0000B6
__Lram                                         ram          000000
__Lramtop                                      ramtop       001000
__Lrbit                                        rbit         000000
__Lrbss                                        rbss         000000
__Lrdata                                       rdata        000000
__Lreset_vec                                   reset_vec    000000
__Lrparam                                      rparam       000000
__Lsfr                                         sfr          000000
__Lsmallconst                                  smallconst   001000
__Lspace_0                                     (abs)        000000
__Lspace_1                                     (abs)        000000
__Lspace_2                                     (abs)        000000
__Lspace_4                                     (abs)        000000
__Lstack                                       stack        000000
__Lstruct                                      struct       000000
__Ltemp                                        temp         00004C
__Ltext                                        text         000000
__Ltext0                                       text0        000000
__Ltext1                                       text1        000000
__Ltext10                                      text10       000000
__Ltext11                                      text11       000000
__Ltext12                                      text12       000000
__Ltext13                                      text13       000000
__Ltext14                                      text14       000000
__Ltext15                                      text15       000000
__Ltext16                                      text16       000000
__Ltext17                                      text17       000000
__Ltext18                                      text18       000000
__Ltext19                                      text19       000000
__Ltext2                                       text2        000000
__Ltext20                                      text20       000000
__Ltext21                                      text21       000000
__Ltext22                                      text22       000000
__Ltext23                                      text23       000000
__Ltext24                                      text24       000000
__Ltext25                                      text25       000000
__Ltext26                                      text26       000000
__Ltext27                                      text27       000000
__Ltext28                                      text28       000000
__Ltext29                                      text29       000000
__Ltext3                                       text3        000000
__Ltext30                                      text30       000000
__Ltext31                                      text31       000000
__Ltext32                                      text32       000000
__Ltext33                                      text33       000000
__Ltext34                                      text34       000000
__Ltext36                                      text36       000000
__Ltext37                                      text37       000000
__Ltext38                                      text38       000000
__Ltext39                                      text39       000000
__Ltext4                                       text4        000000
__Ltext40                                      text40       000000
__Ltext41                                      text41       000000
__Ltext42                                      text42       000000
__Ltext43                                      text43       000000
__Ltext44                                      text44       000000
__Ltext45                                      text45       000000
__Ltext46                                      text46       000000
__Ltext47                                      text47       000000
__Ltext48                                      text48       000000
__Ltext49                                      text49       000000
__Ltext5                                       text5        000000
__Ltext50                                      text50       000000
__Ltext51                                      text51       000000
__Ltext52                                      text52       000000
__Ltext53                                      text53       000000
__Ltext54                                      text54       000000
__Ltext55                                      text55       000000
__Ltext56                                      text56       000000
__Ltext57                                      text57       000000
__Ltext58                                      text58       000000
__Ltext59                                      text59       000000
__Ltext6                                       text6        000000
__Ltext60                                      text60       000000
__Ltext61                                      text61       000000
__Ltext62                                      text62       000000
__Ltext63                                      text63       000000
__Ltext64                                      text64       000000
__Ltext65                                      text65       000000
__Ltext66                                      text66       000000
__Ltext67                                      text67       000000
__Ltext68                                      text68       000000
__Ltext69                                      text69       000000
__Ltext7                                       text7        000000
__Ltext70                                      text70       000000
__Ltext71                                      text71       000000
__Ltext72                                      text72       000000
__Ltext73                                      text73       000000
__Ltext74                                      text74       000000
__Ltext8                                       text8        000000
__Ltext9                                       text9        000000
__S0                                           (abs)        001BF2
__S1                                           (abs)        000091
__S4                                           (abs)        000000
__S5                                           (abs)        000000
___heap_hi                                     (abs)        000000
___heap_lo                                     (abs)        000000
___inthi_sp                                    stack        000000
___inthi_stack_hi                              stack        000000
___inthi_stack_lo                              stack        000000
___intlo_sp                                    stack        000000
___intlo_stack_hi                              stack        000000
___intlo_stack_lo                              stack        000000
___param_bank                                  (abs)        000000
___rparam_used                                 (abs)        000001
___sp                                          stack        000000
___stack_hi                                    stack        000000
___stack_lo                                    stack        000000
__accesstop                                    (abs)        000060
__activetblptr                                 (abs)        000003
__end_of_EEPROM_240C02C_Read_Byte              text18       001A56
__end_of_EEPROM_240C02C_Write_Byte             text16       001ACA
__end_of_EUSART_Initialize                     text8        0017F0
__end_of_EUSART_SetErrorHandler                text11       001B34
__end_of_EUSART_SetFramingErrorHandler         text10       001B2A
__end_of_EUSART_SetOverrunErrorHandler         text9        001B20
__end_of_EUSART_Write                          text15       001A3E
__end_of_I2C_CallbackReturnReset               text62       001BE6
__end_of_I2C_CallbackReturnStop                text63       001BEA
__end_of_I2C_Close                             text31       0018D4
__end_of_I2C_DO_ADDRESS_NACK                   text39       0017AC
__end_of_I2C_DO_IDLE                           text53       001B5C
__end_of_I2C_DO_RCEN                           text48       001B52
__end_of_I2C_DO_RESET                          text40       001B48
__end_of_I2C_DO_RX                             text49       001192
__end_of_I2C_DO_RX_ACK                         text43       001B84
__end_of_I2C_DO_RX_NACK_RESTART                text41       001B74
__end_of_I2C_DO_RX_NACK_STOP                   text42       001B7C
__end_of_I2C_DO_SEND_ADR_READ                  text52       001B00
__end_of_I2C_DO_SEND_ADR_WRITE                 text51       001B0C
__end_of_I2C_DO_SEND_RESTART                   text45       001B94
__end_of_I2C_DO_SEND_RESTART_READ              text47       001BA4
__end_of_I2C_DO_SEND_RESTART_WRITE             text46       001B9C
__end_of_I2C_DO_SEND_STOP                      text44       001B8C
__end_of_I2C_DO_TX                             text50       0010EE
__end_of_I2C_DO_TX_EMPTY                       text54       00145C
__end_of_I2C_Initialize                        text7        001ADE
__end_of_I2C_MasterClearIrq                    text34       001BD2
__end_of_I2C_MasterClose                       text33       001BCE
__end_of_I2C_MasterDisableIrq                  text32       001BCA
__end_of_I2C_MasterEnableIrq                   text27       001BC2
__end_of_I2C_MasterEnableRestart               text73       001BF2
__end_of_I2C_MasterFsm                         text37       00167E
__end_of_I2C_MasterGetRxData                   text59       001BDE
__end_of_I2C_MasterIsNack                      text56       001AF2
__end_of_I2C_MasterIsr                         text36       001BB2
__end_of_I2C_MasterOpen                        text26       0019EA
__end_of_I2C_MasterOperation                   text29       001834
__end_of_I2C_MasterSendAck                     text58       001BB8
__end_of_I2C_MasterSendNack                    text60       001BBE
__end_of_I2C_MasterSendTxData                  text57       001BAC
__end_of_I2C_MasterSetIrq                      text55       001BDA
__end_of_I2C_MasterStart                       text30       001BC6
__end_of_I2C_MasterStartRx                     text61       001BE2
__end_of_I2C_MasterStop                        text72       001BEE
__end_of_I2C_MasterWrite                       text28       001B6C
__end_of_I2C_Open                              text24       001234
__end_of_I2C_Read1ByteRegister                 text19       0013E2
__end_of_I2C_Read2ByteRegister                 text2        001364
__end_of_I2C_SetAddressNackCallback            text22       001A86
__end_of_I2C_SetBuffer                         text21       0019C8
__end_of_I2C_SetCallback                       text23       0015B0
__end_of_I2C_SetDataCompleteCallback           text20       001A6E
__end_of_I2C_SetInterruptHandler               text25       001B3E
__end_of_I2C_Write1ByteRegister                text17       001546
__end_of_INTERRUPT_Initialize                  text6        001B64
__end_of_INTERRUPT_InterruptManagerHigh        intcode      0000B6
__end_of_OSCILLATOR_Initialize                 text5        001B16
__end_of_PIN_MANAGER_Initialize                text4        0018A6
__end_of_Print_DATE                            text13       0012D4
__end_of_RealTimeClockDS1307_Get_Date_Time     text12       001618
__end_of_SYSTEM_Initialize                     text3        001AB4
__end_of_TEMSENSOR_TC74_Read_Temp              text1        001A26
__end_of_UART_LOGGINGDATA_send_string          text14       001748
__end_of__initialization                       cinit        00199C
__end_of_i2c_fsmStateTable                     smallconst   001021
__end_of_main                                  text0        0014D2
__end_of_rd1RegCompleteHandler                 text67       001958
__end_of_rd2RegCompleteHandler                 text66       00192C
__end_of_rdBlkRegCompleteHandler               text64       001876
__end_of_wr1RegCompleteHandler                 text65       001900
__end_of_wr2RegCompleteHandler                 text68       001984
__end_ofi2_I2C_MasterClearIrq                  text38       001BD6
__end_ofi2_I2C_SetBuffer                       text71       001A0C
__end_ofi2_I2C_SetCallback                     text70       0016E4
__end_ofi2_I2C_SetDataCompleteCallback         text69       001A9E
__initialization                               cinit        001984
__mediumconst                                  mediumconst  000000
__pbssBANK0                                    bssBANK0     000060
__pbssCOMRAM                                   bssCOMRAM    000001
__pcinit                                       cinit        001984
__pcstackBANK0                                 cstackBANK0  000078
__pcstackCOMRAM                                cstackCOMRAM 000031
__pintcode                                     intcode      000008
__pnvBANK0                                     nvBANK0      00008B
__psmallconst                                  smallconst   001000
__ptext0                                       text0        00145C
__ptext1                                       text1        001A0C
__ptext10                                      text10       001B20
__ptext11                                      text11       001B2A
__ptext12                                      text12       0015B0
__ptext13                                      text13       001234
__ptext14                                      text14       0016E4
__ptext15                                      text15       001A26
__ptext16                                      text16       001AB4
__ptext17                                      text17       0014D2
__ptext18                                      text18       001A3E
__ptext19                                      text19       001364
__ptext2                                       text2        0012D4
__ptext20                                      text20       001A56
__ptext21                                      text21       0019A6
__ptext22                                      text22       001A6E
__ptext23                                      text23       001546
__ptext24                                      text24       001192
__ptext25                                      text25       001B34
__ptext26                                      text26       0019C8
__ptext27                                      text27       001BBE
__ptext28                                      text28       001B64
__ptext29                                      text29       0017F0
__ptext3                                       text3        001A9E
__ptext30                                      text30       001BC2
__ptext31                                      text31       0018A6
__ptext32                                      text32       001BC6
__ptext33                                      text33       001BCA
__ptext34                                      text34       001BCE
__ptext36                                      text36       001BAC
__ptext37                                      text37       001618
__ptext38                                      text38       001BD2
__ptext39                                      text39       001748
__ptext4                                       text4        001876
__ptext40                                      text40       001B3E
__ptext41                                      text41       001B6C
__ptext42                                      text42       001B74
__ptext43                                      text43       001B7C
__ptext44                                      text44       001B84
__ptext45                                      text45       001B8C
__ptext46                                      text46       001B94
__ptext47                                      text47       001B9C
__ptext48                                      text48       001B48
__ptext49                                      text49       0010EE
__ptext5                                       text5        001B0C
__ptext50                                      text50       001030
__ptext51                                      text51       001B00
__ptext52                                      text52       001AF2
__ptext53                                      text53       001B52
__ptext54                                      text54       0013E2
__ptext55                                      text55       001BD6
__ptext56                                      text56       001ADE
__ptext57                                      text57       001BA4
__ptext58                                      text58       001BB2
__ptext59                                      text59       001BDA
__ptext6                                       text6        001B5C
__ptext60                                      text60       001BB8
__ptext61                                      text61       001BDE
__ptext62                                      text62       001BE2
__ptext63                                      text63       001BE6
__ptext64                                      text64       001834
__ptext65                                      text65       0018D4
__ptext66                                      text66       001900
__ptext67                                      text67       00192C
__ptext68                                      text68       001958
__ptext69                                      text69       001A86
__ptext7                                       text7        001ACA
__ptext70                                      text70       00167E
__ptext71                                      text71       0019EA
__ptext72                                      text72       001BEA
__ptext73                                      text73       001BEE
__ptext74                                      text74       000000
__ptext8                                       text8        0017AC
__ptext9                                       text9        001B16
__ramtop                                       ramtop       001000
__smallconst                                   smallconst   001000
_eusartRxLastError                             bssCOMRAM    000030
_i2c_fsmStateTable                             smallconst   001001
_main                                          text0        00145C
_rd1RegCompleteHandler                         text67       00192C
_rd2RegCompleteHandler                         text66       001900
_rdBlkRegCompleteHandler                       text64       001834
_valueu3                                       bssCOMRAM    00002F
_valueu5                                       bssCOMRAM    00002E
_wr1RegCompleteHandler                         text65       0018D4
_wr2RegCompleteHandler                         text68       001958
btemp                                          temp         00004C
end_of_initialization                          cinit        00199C
i2I2C_SetBuffer@buffer                         cstackCOMRAM 000031
i2I2C_SetBuffer@bufferSize                     cstackCOMRAM 000033
i2I2C_SetCallback@cb                           cstackCOMRAM 000031
i2I2C_SetCallback@idx                          cstackCOMRAM 000035
i2I2C_SetCallback@ptr                          cstackCOMRAM 000033
i2I2C_SetDataCompleteCallback@cb               cstackCOMRAM 000036
i2I2C_SetDataCompleteCallback@ptr              cstackCOMRAM 000038
i2_I2C_MasterClearIrq                          text38       001BD2
i2_I2C_SetBuffer                               text71       0019EA
i2_I2C_SetCallback                             text70       00167E
i2_I2C_SetDataCompleteCallback                 text69       001A86
int$flags                                      temp         00004C
intlevel0                                      text         000000
intlevel1                                      text         000000
intlevel2                                      text         000000
intlevel3                                      text         000000
isa$std                                        (abs)        000001
isa$xinst                                      (abs)        000000
rd1RegCompleteHandler@ptr                      cstackCOMRAM 00003A
rd2RegCompleteHandler@ptr                      cstackCOMRAM 00003A
rdBlkRegCompleteHandler@ptr                    cstackCOMRAM 00003A
stackhi                                        (abs)        000000
stacklo                                        (abs)        000000
start                                          init         0000B6
start_initialization                           cinit        001984
ttemp5                                         temp         00004D
ttemp6                                         temp         000050
ttemp7                                         temp         000054
wr1RegCompleteHandler@ptr                      cstackCOMRAM 00003A
wr2RegCompleteHandler@ptr                      cstackCOMRAM 00003A
wtemp8                                         temp         00004D


MODULE INFORMATION

Module		Function		Class		Link	Load	Size
Modules/RealTimeClockDS1307/RealTimeClockDS1307.c
		_Print_DATE    		CODE           	1234	0000	160
		_RealTimeClockDS1307_Get_Date_Time		CODE           	15B0	0000	104

Modules/RealTimeClockDS1307/RealTimeClockDS1307.c estimated size: 264

Modules/Uart_LoggingDate/UART_LoggingDate.c
		_UART_LOGGINGDATA_send_string		CODE           	16E4	0000	100

Modules/Uart_LoggingDate/UART_LoggingDate.c estimated size: 100

mcc_generated_files/interrupt_manager.c
		_INTERRUPT_Initialize		CODE           	1B5C	0000	8
		_INTERRUPT_InterruptManagerHigh		CODE           	0008	0000	174

mcc_generated_files/interrupt_manager.c estimated size: 182

mcc_generated_files/examples/i2c_master_example.c
		_wr1RegCompleteHandler		CODE           	18D4	0000	44
		_wr2RegCompleteHandler		CODE           	1958	0000	44
		_I2C_Write1ByteRegister		CODE           	14D2	0000	116
		_I2C_Read1ByteRegister		CODE           	1364	0000	126
		_I2C_Read2ByteRegister		CODE           	12D4	0000	144
		_rdBlkRegCompleteHandler		CODE           	1834	0000	66
		_rd1RegCompleteHandler		CODE           	192C	0000	44
		_rd2RegCompleteHandler		CODE           	1900	0000	44

mcc_generated_files/examples/i2c_master_example.c estimated size: 628

Modules/TemSensor_TC74/TemSensor_TC74.c
		_TEMSENSOR_TC74_Read_Temp		CODE           	1A0C	0000	26

Modules/TemSensor_TC74/TemSensor_TC74.c estimated size: 26

mcc_generated_files/pin_manager.c
		_PIN_MANAGER_Initialize		CODE           	1876	0000	48

mcc_generated_files/pin_manager.c estimated size: 48

shared
		i2_I2C_SetBuffer		CODE           	19EA	0000	34
		__initialization		CODE           	1984	0000	24
		i2_I2C_SetCallback		CODE           	167E	0000	102
		i2_I2C_SetDataCompleteCallback		CODE           	1A86	0000	24
		i2_I2C_MasterClearIrq		CODE           	1BD2	0000	4
		_i2c_fsmStateTable		SMALLCONST     	1001	0000	32

shared estimated size: 220

mcc_generated_files/mcc.c
		_OSCILLATOR_Initialize		CODE           	1B0C	0000	10
		_SYSTEM_Initialize		CODE           	1A9E	0000	22

mcc_generated_files/mcc.c estimated size: 32

mcc_generated_files/i2c_master.c
		_I2C_Close     		CODE           	18A6	0000	46
		_I2C_MasterStartRx		CODE           	1BDE	0000	4
		_I2C_DO_SEND_ADR_WRITE		CODE           	1B00	0000	12
		_I2C_DO_SEND_STOP		CODE           	1B84	0000	8
		_I2C_MasterSendNack		CODE           	1BB8	0000	6
		_I2C_MasterDisableIrq		CODE           	1BC6	0000	4
		_I2C_CallbackReturnStop		CODE           	1BE6	0000	4
		_I2C_MasterOperation		CODE           	17F0	0000	68
		_I2C_DO_SEND_ADR_READ		CODE           	1AF2	0000	14
		_I2C_DO_RX_NACK_STOP		CODE           	1B74	0000	8
		_I2C_DO_SEND_RESTART		CODE           	1B8C	0000	8
		_I2C_DO_RX     		CODE           	10EE	0000	164
		_I2C_DO_TX     		CODE           	1030	0000	190
		_I2C_DO_IDLE   		CODE           	1B52	0000	10
		_I2C_DO_RCEN   		CODE           	1B48	0000	10
		_I2C_DO_RESET  		CODE           	1B3E	0000	10
		_I2C_MasterClose		CODE           	1BCA	0000	4
		_I2C_MasterWrite		CODE           	1B64	0000	8
		_I2C_DO_RX_ACK 		CODE           	1B7C	0000	8
		_I2C_MasterStart		CODE           	1BC2	0000	4
		_I2C_MasterClearIrq		CODE           	1BCE	0000	4
		_I2C_MasterGetRxData		CODE           	1BDA	0000	4
		_I2C_SetCallback		CODE           	1546	0000	106
		_I2C_DO_ADDRESS_NACK		CODE           	1748	0000	100
		_I2C_MasterEnableRestart		CODE           	1BEE	0000	4
		_I2C_CallbackReturnReset		CODE           	1BE2	0000	4
		_I2C_Open      		CODE           	1192	0000	162
		_I2C_SetAddressNackCallback		CODE           	1A6E	0000	24
		_I2C_DO_TX_EMPTY		CODE           	13E2	0000	122
		_I2C_DO_SEND_RESTART_WRITE		CODE           	1B94	0000	8
		_I2C_MasterIsNack		CODE           	1ADE	0000	20
		_I2C_SetDataCompleteCallback		CODE           	1A56	0000	24
		_I2C_DO_RX_NACK_RESTART		CODE           	1B6C	0000	8
		_I2C_MasterSendAck		CODE           	1BB2	0000	6
		_I2C_MasterFsm 		CODE           	1618	0000	102
		_I2C_MasterIsr 		CODE           	1BAC	0000	6
		_I2C_MasterSetIrq		CODE           	1BD6	0000	4
		_I2C_DO_SEND_RESTART_READ		CODE           	1B9C	0000	8
		_I2C_MasterEnableIrq		CODE           	1BBE	0000	4
		_I2C_Initialize		CODE           	1ACA	0000	20
		_I2C_SetBuffer 		CODE           	19A6	0000	34
		_I2C_SetInterruptHandler		CODE           	1B34	0000	10
		_I2C_MasterOpen		CODE           	19C8	0000	34
		_I2C_MasterSendTxData		CODE           	1BA4	0000	8
		_I2C_MasterStop		CODE           	1BEA	0000	4

mcc_generated_files/i2c_master.c estimated size: 1420

mcc_generated_files/eusart.c
		_EUSART_Write  		CODE           	1A26	0000	24
		_EUSART_Initialize		CODE           	17AC	0000	68
		_EUSART_SetFramingErrorHandler		CODE           	1B20	0000	10
		_EUSART_SetErrorHandler		CODE           	1B2A	0000	10
		_EUSART_SetOverrunErrorHandler		CODE           	1B16	0000	10

mcc_generated_files/eusart.c estimated size: 122

main.c
		_main          		CODE           	145C	0000	118

main.c estimated size: 118

Modules/EEPROM_24C02C/EEPROM_24C02C.c
		_EEPROM_240C02C_Read_Byte		CODE           	1A3E	0000	24
		_EEPROM_240C02C_Write_Byte		CODE           	1AB4	0000	22

Modules/EEPROM_24C02C/EEPROM_24C02C.c estimated size: 46

