Microchip MPLAB XC8 Compiler V2.45

Linker command line:

-W-3 \
  --edf=C:\Program Files\Microchip\xc8\v2.45\pic\dat\20230818022343_en.msgs \
  -cn -h+dist/default/debug\__SmartHome.X.debug.sym \
  --cmf=dist/default/debug\__SmartHome.X.debug.cmf -z -Q18F46K20 \
  -oC:\Users\HOSSAM~1\AppData\Local\Temp\xcAs1g4.\driver_tmp_3.o \
  --defsym=__MPLAB_BUILD=1 --fixupoverflow=error \
  -Mdist/default/debug/__SmartHome.X.debug.map \
  --md=C:\Users\HOSSAM~1\AppData\Local\Temp\xcAs1g4.\driver_tmp_0.dat -E1 \
  -ver=XC8 Compiler --acfsm=1493 -ACODE=00h-0FFFFh -ACONST=00h-0FFFFh \
  -ASMALLCONST=01000h-010FFhx240 -AMEDIUMCONST=01000h-0FFFFh \
  -ACOMRAM=01h-05Fh -AABS1=00h-0F5Fh -ABIGRAM=01h-0F5Fh \
  -ARAM=060h-0FFh,0100h-01FFhx14,0F00h-0F5Fh -ABANK0=060h-0FFh \
  -ABANK1=0100h-01FFh -ABANK2=0200h-02FFh -ABANK3=0300h-03FFh \
  -ABANK4=0400h-04FFh -ABANK5=0500h-05FFh -ABANK6=0600h-06FFh \
  -ABANK7=0700h-07FFh -ABANK8=0800h-08FFh -ABANK9=0900h-09FFh \
  -ABANK10=0A00h-0AFFh -ABANK11=0B00h-0BFFh -ABANK12=0C00h-0CFFh \
  -ABANK13=0D00h-0DFFh -ABANK14=0E00h-0EFFh -ABANK15=0F00h-0F5Fh \
  -ASFR=0F60h-0FFFh -ABIGSFR=0F60h-0FFFh -ACONFIG=0300000h-030000Dh \
  -AIDLOC=0200000h-0200007h -AEEDATA=0F00000h-0F003FFh -peeprom_data=EEDATA \
  -preset_vec=00h,intcode=08h,intcodelo,powerup,init -pramtop=01000h \
  -psmallconst=SMALLCONST -pmediumconst=MEDIUMCONST -pconst=CONST \
  -AFARRAM=00h-00h \
  -prdata=COMRAM,nvrram=COMRAM,nvbit=COMRAM,rbss=COMRAM,rbit=COMRAM \
  -pfarbss=FARRAM,fardata=FARRAM,nvFARRAM=FARRAM \
  -pintsave_regs=BIGRAM,bigbss=BIGRAM,bigdata=BIGRAM -pbss=RAM \
  -pidata=CODE,irdata=CODE,ibigdata=CODE,ifardata=CODE -prparam=COMRAM \
  C:\Users\HOSSAM~1\AppData\Local\Temp\xcAs1g4.\driver_tmp_9.o \
  dist/default/debug\__SmartHome.X.debug.o 

Object code version is 3.11

Machine type is 18F46K20



                Name                               Link     Load   Length Selector   Space Scale
C:\Users\HOSSAM~1\AppData\Local\Temp\xcAs1g4.\driver_tmp_9.o
                config                           300000   300000        E        0       4
                init                                 B6       B6        4        4       0
                reset_vec                             0        0        4        0       0
dist/default/debug\__SmartHome.X.debug.o
                intcode                               8        8       AE        4       0
                config                           300000   300000        E        0       4
                temp                                 4C       4C        1        1       1
                smallconst                         1000     1000       30      800       0
                text72                             1B6C     1B6C        4      818       0
                text71                             1B68     1B68        4      818       0
                text70                             196A     196A       22      818       0
                text69                             15FE     15FE       66      818       0
                text68                             1A04     1A04       18      818       0
                text67                             18D8     18D8       2C      818       0
                text66                             18AC     18AC       2C      818       0
                text65                             1880     1880       2C      818       0
                text64                             1854     1854       2C      818       0
                text63                             17B4     17B4       42      818       0
                text62                             1B64     1B64        4      818       0
                text61                             1B60     1B60        4      818       0
                text60                             1B5C     1B5C        4      818       0
                text59                             1B36     1B36        6      818       0
                text58                             1B58     1B58        4      818       0
                text57                             1B30     1B30        6      818       0
                text56                             1B22     1B22        8      818       0
                text55                             1A5C     1A5C       14      818       0
                text54                             1B54     1B54        4      818       0
                text53                             13D8     13D8       7A      818       0
                text52                             1AD0     1AD0        A      818       0
                text51                             1A70     1A70        E      818       0
                text50                             1A7E     1A7E        C      818       0
                text49                             1030     1030       BE      818       0
                text48                             10EE     10EE       A4      818       0
                text47                             1AC6     1AC6        A      818       0
                text46                             1B1A     1B1A        8      818       0
                text45                             1B12     1B12        8      818       0
                text44                             1B0A     1B0A        8      818       0
                text43                             1B02     1B02        8      818       0
                text42                             1AFA     1AFA        8      818       0
                text41                             1AF2     1AF2        8      818       0
                text40                             1AEA     1AEA        8      818       0
                text39                             1ABC     1ABC        A      818       0
                text38                             16C8     16C8       64      818       0
                text37                             1B50     1B50        4      818       0
                text36                             1598     1598       66      818       0
                text35                             1B2A     1B2A        6      818       0
                text33                             1B4C     1B4C        4      818       0
                text32                             1B48     1B48        4      818       0
                text31                             1B44     1B44        4      818       0
                text30                             1826     1826       2E      818       0
                text29                             1B40     1B40        4      818       0
                text28                             1770     1770       44      818       0
                text27                             1AE2     1AE2        8      818       0
                text26                             1B3C     1B3C        4      818       0
                text25                             1948     1948       22      818       0
                text24                             1AB2     1AB2        A      818       0
                text23                             1192     1192       A2      818       0
                text22                             14C6     14C6       6A      818       0
                text21                             19EC     19EC       18      818       0
                text20                             1926     1926       22      818       0
                text19                             19D4     19D4       18      818       0
                text18                             135A     135A       7E      818       0
                text17                             19BC     19BC       18      818       0
                text16                             1452     1452       74      818       0
                text15                             1A32     1A32       16      818       0
                text14                             19A4     19A4       18      818       0
                text13                             1664     1664       64      818       0
                text12                             1234     1234       A0      818       0
                text11                             1530     1530       68      818       0
                text10                             1AA8     1AA8        A      818       0
                text9                              1A9E     1A9E        A      818       0
                text8                              1A94     1A94        A      818       0
                text7                              172C     172C       44      818       0
                text6                              1A48     1A48       14      818       0
                text5                              1ADA     1ADA        8      818       0
                text4                              1A8A     1A8A        A      818       0
                text3                              17F6     17F6       30      818       0
                text2                              1A1C     1A1C       16      818       0
                text1                              198C     198C       18      818       0
                text0                              12D4     12D4       86      818       0
                cstackCOMRAM                         31       31       1B        1       1
                cstackBANK0                          78       78       13       60       1
                bssBANK0                             60       60       18       60       1
                bssCOMRAM                             1        1       30        1       1
                cinit                              1904     1904       22      818       0
                nvBANK0                              8B       8B        6       60       1

TOTAL           Name                               Link     Load   Length     Space
        CLASS   CODE           
                intcode                               8        8       AE         0
                init                                 B6       B6        4         0
                reset_vec                             0        0        4         0
                text72                             1B6C     1B6C        4         0
                text71                             1B68     1B68        4         0
                text70                             196A     196A       22         0
                text69                             15FE     15FE       66         0
                text68                             1A04     1A04       18         0
                text67                             18D8     18D8       2C         0
                text66                             18AC     18AC       2C         0
                text65                             1880     1880       2C         0
                text64                             1854     1854       2C         0
                text63                             17B4     17B4       42         0
                text62                             1B64     1B64        4         0
                text61                             1B60     1B60        4         0
                text60                             1B5C     1B5C        4         0
                text59                             1B36     1B36        6         0
                text58                             1B58     1B58        4         0
                text57                             1B30     1B30        6         0
                text56                             1B22     1B22        8         0
                text55                             1A5C     1A5C       14         0
                text54                             1B54     1B54        4         0
                text53                             13D8     13D8       7A         0
                text52                             1AD0     1AD0        A         0
                text51                             1A70     1A70        E         0
                text50                             1A7E     1A7E        C         0
                text49                             1030     1030       BE         0
                text48                             10EE     10EE       A4         0
                text47                             1AC6     1AC6        A         0
                text46                             1B1A     1B1A        8         0
                text45                             1B12     1B12        8         0
                text44                             1B0A     1B0A        8         0
                text43                             1B02     1B02        8         0
                text42                             1AFA     1AFA        8         0
                text41                             1AF2     1AF2        8         0
                text40                             1AEA     1AEA        8         0
                text39                             1ABC     1ABC        A         0
                text38                             16C8     16C8       64         0
                text37                             1B50     1B50        4         0
                text36                             1598     1598       66         0
                text35                             1B2A     1B2A        6         0
                text33                             1B4C     1B4C        4         0
                text32                             1B48     1B48        4         0
                text31                             1B44     1B44        4         0
                text30                             1826     1826       2E         0
                text29                             1B40     1B40        4         0
                text28                             1770     1770       44         0
                text27                             1AE2     1AE2        8         0
                text26                             1B3C     1B3C        4         0
                text25                             1948     1948       22         0
                text24                             1AB2     1AB2        A         0
                text23                             1192     1192       A2         0
                text22                             14C6     14C6       6A         0
                text21                             19EC     19EC       18         0
                text20                             1926     1926       22         0
                text19                             19D4     19D4       18         0
                text18                             135A     135A       7E         0
                text17                             19BC     19BC       18         0
                text16                             1452     1452       74         0
                text15                             1A32     1A32       16         0
                text14                             19A4     19A4       18         0
                text13                             1664     1664       64         0
                text12                             1234     1234       A0         0
                text11                             1530     1530       68         0
                text10                             1AA8     1AA8        A         0
                text9                              1A9E     1A9E        A         0
                text8                              1A94     1A94        A         0
                text7                              172C     172C       44         0
                text6                              1A48     1A48       14         0
                text5                              1ADA     1ADA        8         0
                text4                              1A8A     1A8A        A         0
                text3                              17F6     17F6       30         0
                text2                              1A1C     1A1C       16         0
                text1                              198C     198C       18         0
                text0                              12D4     12D4       86         0
                cinit                              1904     1904       22         0

        CLASS   CONST          

        CLASS   SMALLCONST     
                smallconst                         1000     1000       30         0

        CLASS   MEDIUMCONST    

        CLASS   COMRAM         
                temp                                 4C       4C        1         1
                cstackCOMRAM                         31       31       1B         1
                bssCOMRAM                             1        1       30         1

        CLASS   ABS1           

        CLASS   BIGRAM         

        CLASS   RAM            

        CLASS   BANK0          
                cstackBANK0                          78       78       13         1
                bssBANK0                             60       60       18         1
                nvBANK0                              8B       8B        6         1

        CLASS   BANK1          

        CLASS   BANK2          

        CLASS   BANK3          

        CLASS   BANK4          

        CLASS   BANK5          

        CLASS   BANK6          

        CLASS   BANK7          

        CLASS   BANK8          

        CLASS   BANK9          

        CLASS   BANK10         

        CLASS   BANK11         

        CLASS   BANK12         

        CLASS   BANK13         

        CLASS   BANK14         

        CLASS   BANK15         

        CLASS   SFR            

        CLASS   BIGSFR         

        CLASS   CONFIG         
                config                           300000   300000        E         4

        CLASS   IDLOC          

        CLASS   EEDATA         

        CLASS   FARRAM         

        CLASS   HEAP           

        CLASS   STACK          



SEGMENTS        Name                           Load    Length   Top    Selector   Space  Class

                reset_vec                      000000  000004  000004         0       0  CODE    
                bssCOMRAM                      000001  00004C  00004D         1       1  COMRAM  
                intcode                        000008  0000B2  0000BA         4       0  CODE    
                bssBANK0                       000060  000031  000091        60       1  BANK0   
                smallconst                     001000  000030  001030       800       0  SMALLCON
                text49                         001030  000B40  001B70       818       0  CODE    


UNUSED ADDRESS RANGES

        Name                Unused          Largest block    Delta
        BANK0            000091-0000FF               6F
        BANK1            000100-0001FF              100
        BANK10           000A00-000AFF              100
        BANK11           000B00-000BFF              100
        BANK12           000C00-000CFF              100
        BANK13           000D00-000DFF              100
        BANK14           000E00-000EFF              100
        BANK15           000F00-000F5F               60
        BANK2            000200-0002FF              100
        BANK3            000300-0003FF              100
        BANK4            000400-0004FF              100
        BANK5            000500-0005FF              100
        BANK6            000600-0006FF              100
        BANK7            000700-0007FF              100
        BANK8            000800-0008FF              100
        BANK9            000900-0009FF              100
        BIGRAM           00004D-00005F               13
                         000091-000F5F              ECF
        BIGSFR           000F60-000FFF               A0
        CODE             000004-000007                4
                         0000BA-000FFF              F46
                         001B70-00FFFF             E490
        COMRAM           00004D-00005F               13
        CONST            000004-000007                4
                         0000BA-000FFF              F46
                         001B70-00FFFF             E490
        EEDATA           F00000-F003FF              400
        IDLOC            200000-200007                8
        MEDIUMCONST      001B70-00FFFF             E490
        RAM              000091-000F5F              100
        SFR              000F60-000FFF               A0
        SMALLCONST       001B70-00FFFF              100

                                  Symbol Table

?_RealTimeClockDS1307_Get_Date_Time            cstackBANK0  000084
EEPROM_240C02C_Read_Byte@Byte_Address          cstackBANK0  000084
EEPROM_240C02C_Read_Byte@EEPROM_Address        cstackBANK0  000085
EEPROM_240C02C_Read_Byte@Rec_Value             cstackBANK0  000086
EEPROM_240C02C_Write_Byte@Byte_Address         cstackBANK0  000084
EEPROM_240C02C_Write_Byte@Data                 cstackBANK0  000085
EEPROM_240C02C_Write_Byte@EEPROM_Address       cstackBANK0  000086
EUSART_SetErrorHandler@interruptHandler        cstackBANK0  000078
EUSART_SetFramingErrorHandler@interruptHandler cstackBANK0  000078
EUSART_SetOverrunErrorHandler@interruptHandler cstackBANK0  000078
EUSART_Write@txData                            cstackBANK0  000078
I2C_CallbackReturnReset@funPtr                 cstackCOMRAM 00003A
I2C_Close@returnValue                          cstackBANK0  000078
I2C_MasterOperation@read                       cstackBANK0  000078
I2C_MasterOperation@returnValue                cstackBANK0  000079
I2C_MasterSendTxData@data                      cstackCOMRAM 000031
I2C_Open@address                               cstackBANK0  00007A
I2C_Open@returnValue                           cstackBANK0  00007B
I2C_Read1ByteRegister@address                  cstackBANK0  000082
I2C_Read1ByteRegister@reg                      cstackBANK0  000081
I2C_Read1ByteRegister@returnValue              cstackBANK0  000083
I2C_SetAddressNackCallback@cb                  cstackBANK0  00007D
I2C_SetAddressNackCallback@ptr                 cstackBANK0  00007F
I2C_SetBuffer@buffer                           cstackBANK0  000078
I2C_SetBuffer@bufferSize                       cstackBANK0  00007A
I2C_SetCallback@cb                             cstackBANK0  000078
I2C_SetCallback@idx                            cstackBANK0  00007C
I2C_SetCallback@ptr                            cstackBANK0  00007A
I2C_SetDataCompleteCallback@cb                 cstackBANK0  00007D
I2C_SetDataCompleteCallback@ptr                cstackBANK0  00007F
I2C_SetInterruptHandler@InterruptHandler       cstackBANK0  000078
I2C_Write1ByteRegister@address                 cstackBANK0  000083
I2C_Write1ByteRegister@data                    cstackBANK0  000082
I2C_Write1ByteRegister@reg                     cstackBANK0  000081
TEMSENSOR_TC74_Read_Temp@TC74_Address          cstackBANK0  000084
TEMSENSOR_TC74_Read_Temp@TC74_Value            cstackBANK0  000085
UART_LOGGINGDATA_send_string@l_string_length   cstackBANK0  00007E
UART_LOGGINGDATA_send_string@string            cstackBANK0  000079
UART_LOGGINGDATA_send_string@string_length     cstackBANK0  00007B
_ANSEL                                         (abs)        000F7E
_ANSELH                                        (abs)        000F7F
_BAUDCON                                       (abs)        000FB8
_DATE_PACK                                     bssBANK0     000066
_EEADR                                         (abs)        000FA9
_EEADRH                                        (abs)        000FAA
_EECON1bits                                    (abs)        000FA6
_EECON2                                        (abs)        000FA7
_EEDATA                                        (abs)        000FA8
_EEPROM_240C02C_Read_Byte                      text17       0019BC
_EEPROM_240C02C_Write_Byte                     text15       001A32
_EUSART_DefaultErrorHandler                    (abs)        000000
_EUSART_DefaultFramingErrorHandler             (abs)        000000
_EUSART_DefaultOverrunErrorHandler             (abs)        000000
_EUSART_ErrorHandler                           nvBANK0      00008B
_EUSART_FramingErrorHandler                    nvBANK0      00008F
_EUSART_Initialize                             text7        00172C
_EUSART_OverrunErrorHandler                    nvBANK0      00008D
_EUSART_SetErrorHandler                        text10       001AA8
_EUSART_SetFramingErrorHandler                 text9        001A9E
_EUSART_SetOverrunErrorHandler                 text8        001A94
_EUSART_Write                                  text14       0019A4
_I2C_CallbackReturnReset                       text61       001B60
_I2C_CallbackReturnStop                        text62       001B64
_I2C_Close                                     text30       001826
_I2C_DO_ADDRESS_NACK                           text38       0016C8
_I2C_DO_IDLE                                   text52       001AD0
_I2C_DO_RCEN                                   text47       001AC6
_I2C_DO_RESET                                  text39       001ABC
_I2C_DO_RX                                     text48       0010EE
_I2C_DO_RX_ACK                                 text42       001AFA
_I2C_DO_RX_NACK_RESTART                        text40       001AEA
_I2C_DO_RX_NACK_STOP                           text41       001AF2
_I2C_DO_SEND_ADR_READ                          text51       001A70
_I2C_DO_SEND_ADR_WRITE                         text50       001A7E
_I2C_DO_SEND_RESTART                           text44       001B0A
_I2C_DO_SEND_RESTART_READ                      text46       001B1A
_I2C_DO_SEND_RESTART_WRITE                     text45       001B12
_I2C_DO_SEND_STOP                              text43       001B02
_I2C_DO_TX                                     text49       001030
_I2C_DO_TX_EMPTY                               text53       0013D8
_I2C_Initialize                                text6        001A48
_I2C_MasterClearIrq                            text33       001B4C
_I2C_MasterClose                               text32       001B48
_I2C_MasterDisableIrq                          text31       001B44
_I2C_MasterEnableIrq                           text26       001B3C
_I2C_MasterEnableRestart                       text72       001B6C
_I2C_MasterFsm                                 text36       001598
_I2C_MasterGetRxData                           text58       001B58
_I2C_MasterIsNack                              text55       001A5C
_I2C_MasterIsr                                 text35       001B2A
_I2C_MasterOpen                                text25       001948
_I2C_MasterOperation                           text28       001770
_I2C_MasterSendAck                             text57       001B30
_I2C_MasterSendNack                            text59       001B36
_I2C_MasterSendTxData                          text56       001B22
_I2C_MasterSetIrq                              text54       001B54
_I2C_MasterStart                               text29       001B40
_I2C_MasterStartRx                             text60       001B5C
_I2C_MasterStop                                text71       001B68
_I2C_MasterWrite                               text27       001AE2
_I2C_Open                                      text23       001192
_I2C_Read1ByteRegister                         text18       00135A
_I2C_SetAddressNackCallback                    text21       0019EC
_I2C_SetBuffer                                 text20       001926
_I2C_SetCallback                               text22       0014C6
_I2C_SetDataCompleteCallback                   text19       0019D4
_I2C_SetInterruptHandler                       text24       001AB2
_I2C_Status                                    bssCOMRAM    000001
_I2C_Write1ByteRegister                        text16       001452
_INTCON2bits                                   (abs)        000FF1
_INTCONbits                                    (abs)        000FF2
_INTERRUPT_Initialize                          text5        001ADA
_INTERRUPT_InterruptManagerHigh                intcode      000008
_IPR1bits                                      (abs)        000F9F
_IPR2bits                                      (abs)        000FA2
_LATA                                          (abs)        000F89
_LATB                                          (abs)        000F8A
_LATC                                          (abs)        000F8B
_LATD                                          (abs)        000F8C
_LATE                                          (abs)        000F8D
_MSSP_InterruptHandler                         bssCOMRAM    00002B
_OSCCON                                        (abs)        000FD3
_OSCILLATOR_Initialize                         text4        001A8A
_OSCTUNE                                       (abs)        000F9B
_PIE1bits                                      (abs)        000F9D
_PIE2bits                                      (abs)        000FA0
_PIN_MANAGER_Initialize                        text3        0017F6
_PIR1bits                                      (abs)        000F9E
_PIR2bits                                      (abs)        000FA1
_Print_DATE                                    text12       001234
_RCONbits                                      (abs)        000FD0
_RCREG                                         (abs)        000FAE
_RCSTA                                         (abs)        000FAB
_RCSTAbits                                     (abs)        000FAB
_RealTimeClockDS1307                           bssBANK0     000060
_RealTimeClockDS1307@RealTimeClockDS1307$F1698 bssCOMRAM    000025
_RealTimeClockDS1307_Get_Date_Time             text11       001530
_SPBRG                                         (abs)        000FAF
_SPBRGH                                        (abs)        000FB0
_SSPADD                                        (abs)        000FC8
_SSPBUF                                        (abs)        000FC9
_SSPCON1                                       (abs)        000FC6
_SSPCON1bits                                   (abs)        000FC6
_SSPCON2                                       (abs)        000FC5
_SSPCON2bits                                   (abs)        000FC5
_SSPSTAT                                       (abs)        000FC7
_SSPSTATbits                                   (abs)        000FC7
_SYSTEM_Initialize                             text2        001A1C
_TABLAT                                        (abs)        000FF5
_TBLPTRH                                       (abs)        000FF7
_TBLPTRL                                       (abs)        000FF6
_TBLPTRU                                       (abs)        000FF8
_TEMSENSOR_TC74_Read_Temp                      text1        00198C
_TRISA                                         (abs)        000F92
_TRISB                                         (abs)        000F93
_TRISC                                         (abs)        000F94
_TRISD                                         (abs)        000F95
_TRISE                                         (abs)        000F96
_TXREG                                         (abs)        000FAD
_TXSTA                                         (abs)        000FAC
_TXSTAbits                                     (abs)        000FAC
_Temp_A7_Value                                 bssCOMRAM    00002D
_UART_LOGGINGDATA_send_string                  text13       001664
_WPUB                                          (abs)        000F7C
__HRAM                                         (abs)        000000
__H__absolute__                                __absolute__ 000000
__Habs1                                        abs1         000000
__Hbank0                                       bank0        000000
__Hbank1                                       bank1        000000
__Hbank10                                      bank10       000000
__Hbank11                                      bank11       000000
__Hbank12                                      bank12       000000
__Hbank13                                      bank13       000000
__Hbank14                                      bank14       000000
__Hbank15                                      bank15       000000
__Hbank2                                       bank2        000000
__Hbank3                                       bank3        000000
__Hbank4                                       bank4        000000
__Hbank5                                       bank5        000000
__Hbank6                                       bank6        000000
__Hbank7                                       bank7        000000
__Hbank8                                       bank8        000000
__Hbank9                                       bank9        000000
__Hbigbss                                      bigbss       000000
__Hbigdata                                     bigdata      000000
__Hbigram                                      bigram       000000
__Hbigsfr                                      bigsfr       000000
__Hbss                                         bss          000000
__HbssBANK0                                    bssBANK0     000000
__HbssCOMRAM                                   bssCOMRAM    000000
__Hcinit                                       cinit        000000
__Hclrtext                                     clrtext      000000
__Hcomram                                      comram       000000
__Hconfig                                      config       30000E
__Hconst                                       const        000000
__HcstackBANK0                                 cstackBANK0  000000
__HcstackCOMRAM                                cstackCOMRAM 000000
__Hdata                                        data         000000
__Heeprom_data                                 eeprom_data  000000
__Hfarbss                                      farbss       000000
__Hfardata                                     fardata      000000
__Hheap                                        heap         000000
__Hibigdata                                    ibigdata     000000
__Hidata                                       idata        000000
__Hidloc                                       idloc        000000
__Hifardata                                    ifardata     000000
__Hinit                                        init         0000BA
__Hintcode                                     intcode      0000B6
__Hintcode_body                                intcode_body 000000
__Hintcodelo                                   intcodelo    0000B6
__Hintentry                                    intentry     000000
__Hintret                                      intret       000000
__Hintsave_regs                                intsave_regs 000000
__Hirdata                                      irdata       000000
__Hmediumconst                                 mediumconst  000000
__HnvBANK0                                     nvBANK0      000000
__HnvFARRAM                                    nvFARRAM     000000
__Hnvbit                                       nvbit        000000
__Hnvrram                                      nvrram       000000
__Hparam                                       rparam       000000
__Hpowerup                                     powerup      0000B6
__Hram                                         ram          000000
__Hramtop                                      ramtop       001000
__Hrbit                                        rbit         000000
__Hrbss                                        rbss         000000
__Hrdata                                       rdata        000000
__Hreset_vec                                   reset_vec    000004
__Hrparam                                      rparam       000000
__Hsfr                                         sfr          000000
__Hsmallconst                                  smallconst   001030
__Hspace_0                                     (abs)        001B70
__Hspace_1                                     (abs)        000091
__Hspace_2                                     (abs)        000000
__Hspace_4                                     (abs)        60000E
__Hstack                                       stack        000000
__Hstruct                                      struct       000000
__Htemp                                        temp         00004D
__Htext                                        text         000000
__Htext0                                       text0        000000
__Htext1                                       text1        000000
__Htext10                                      text10       000000
__Htext11                                      text11       000000
__Htext12                                      text12       000000
__Htext13                                      text13       000000
__Htext14                                      text14       000000
__Htext15                                      text15       000000
__Htext16                                      text16       000000
__Htext17                                      text17       000000
__Htext18                                      text18       000000
__Htext19                                      text19       000000
__Htext2                                       text2        000000
__Htext20                                      text20       000000
__Htext21                                      text21       000000
__Htext22                                      text22       000000
__Htext23                                      text23       000000
__Htext24                                      text24       000000
__Htext25                                      text25       000000
__Htext26                                      text26       000000
__Htext27                                      text27       000000
__Htext28                                      text28       000000
__Htext29                                      text29       000000
__Htext3                                       text3        000000
__Htext30                                      text30       000000
__Htext31                                      text31       000000
__Htext32                                      text32       000000
__Htext33                                      text33       000000
__Htext35                                      text35       000000
__Htext36                                      text36       000000
__Htext37                                      text37       000000
__Htext38                                      text38       000000
__Htext39                                      text39       000000
__Htext4                                       text4        000000
__Htext40                                      text40       000000
__Htext41                                      text41       000000
__Htext42                                      text42       000000
__Htext43                                      text43       000000
__Htext44                                      text44       000000
__Htext45                                      text45       000000
__Htext46                                      text46       000000
__Htext47                                      text47       000000
__Htext48                                      text48       000000
__Htext49                                      text49       000000
__Htext5                                       text5        000000
__Htext50                                      text50       000000
__Htext51                                      text51       000000
__Htext52                                      text52       000000
__Htext53                                      text53       000000
__Htext54                                      text54       000000
__Htext55                                      text55       000000
__Htext56                                      text56       000000
__Htext57                                      text57       000000
__Htext58                                      text58       000000
__Htext59                                      text59       000000
__Htext6                                       text6        000000
__Htext60                                      text60       000000
__Htext61                                      text61       000000
__Htext62                                      text62       000000
__Htext63                                      text63       000000
__Htext64                                      text64       000000
__Htext65                                      text65       000000
__Htext66                                      text66       000000
__Htext67                                      text67       000000
__Htext68                                      text68       000000
__Htext69                                      text69       000000
__Htext7                                       text7        000000
__Htext70                                      text70       000000
__Htext71                                      text71       000000
__Htext72                                      text72       000000
__Htext73                                      text73       000000
__Htext8                                       text8        000000
__Htext9                                       text9        000000
__LRAM                                         (abs)        000001
__L__absolute__                                __absolute__ 000000
__Labs1                                        abs1         000000
__Lbank0                                       bank0        000000
__Lbank1                                       bank1        000000
__Lbank10                                      bank10       000000
__Lbank11                                      bank11       000000
__Lbank12                                      bank12       000000
__Lbank13                                      bank13       000000
__Lbank14                                      bank14       000000
__Lbank15                                      bank15       000000
__Lbank2                                       bank2        000000
__Lbank3                                       bank3        000000
__Lbank4                                       bank4        000000
__Lbank5                                       bank5        000000
__Lbank6                                       bank6        000000
__Lbank7                                       bank7        000000
__Lbank8                                       bank8        000000
__Lbank9                                       bank9        000000
__Lbigbss                                      bigbss       000000
__Lbigdata                                     bigdata      000000
__Lbigram                                      bigram       000000
__Lbigsfr                                      bigsfr       000000
__Lbss                                         bss          000000
__LbssBANK0                                    bssBANK0     000000
__LbssCOMRAM                                   bssCOMRAM    000000
__Lcinit                                       cinit        000000
__Lclrtext                                     clrtext      000000
__Lcomram                                      comram       000000
__Lconfig                                      config       000000
__Lconst                                       const        000000
__LcstackBANK0                                 cstackBANK0  000000
__LcstackCOMRAM                                cstackCOMRAM 000000
__Ldata                                        data         000000
__Leeprom_data                                 eeprom_data  000000
__Lfarbss                                      farbss       000000
__Lfardata                                     fardata      000000
__Lheap                                        heap         000000
__Libigdata                                    ibigdata     000000
__Lidata                                       idata        000000
__Lidloc                                       idloc        000000
__Lifardata                                    ifardata     000000
__Linit                                        init         0000B6
__Lintcode                                     intcode      000008
__Lintcode_body                                intcode_body 000000
__Lintcodelo                                   intcodelo    0000B6
__Lintentry                                    intentry     000000
__Lintret                                      intret       000000
__Lintsave_regs                                intsave_regs 000000
__Lirdata                                      irdata       000000
__Lmediumconst                                 mediumconst  000000
__LnvBANK0                                     nvBANK0      000000
__LnvFARRAM                                    nvFARRAM     000000
__Lnvbit                                       nvbit        000000
__Lnvrram                                      nvrram       000000
__Lparam                                       rparam       000000
__Lpowerup                                     powerup      0000B6
__Lram                                         ram          000000
__Lramtop                                      ramtop       001000
__Lrbit                                        rbit         000000
__Lrbss                                        rbss         000000
__Lrdata                                       rdata        000000
__Lreset_vec                                   reset_vec    000000
__Lrparam                                      rparam       000000
__Lsfr                                         sfr          000000
__Lsmallconst                                  smallconst   001000
__Lspace_0                                     (abs)        000000
__Lspace_1                                     (abs)        000000
__Lspace_2                                     (abs)        000000
__Lspace_4                                     (abs)        000000
__Lstack                                       stack        000000
__Lstruct                                      struct       000000
__Ltemp                                        temp         00004C
__Ltext                                        text         000000
__Ltext0                                       text0        000000
__Ltext1                                       text1        000000
__Ltext10                                      text10       000000
__Ltext11                                      text11       000000
__Ltext12                                      text12       000000
__Ltext13                                      text13       000000
__Ltext14                                      text14       000000
__Ltext15                                      text15       000000
__Ltext16                                      text16       000000
__Ltext17                                      text17       000000
__Ltext18                                      text18       000000
__Ltext19                                      text19       000000
__Ltext2                                       text2        000000
__Ltext20                                      text20       000000
__Ltext21                                      text21       000000
__Ltext22                                      text22       000000
__Ltext23                                      text23       000000
__Ltext24                                      text24       000000
__Ltext25                                      text25       000000
__Ltext26                                      text26       000000
__Ltext27                                      text27       000000
__Ltext28                                      text28       000000
__Ltext29                                      text29       000000
__Ltext3                                       text3        000000
__Ltext30                                      text30       000000
__Ltext31                                      text31       000000
__Ltext32                                      text32       000000
__Ltext33                                      text33       000000
__Ltext35                                      text35       000000
__Ltext36                                      text36       000000
__Ltext37                                      text37       000000
__Ltext38                                      text38       000000
__Ltext39                                      text39       000000
__Ltext4                                       text4        000000
__Ltext40                                      text40       000000
__Ltext41                                      text41       000000
__Ltext42                                      text42       000000
__Ltext43                                      text43       000000
__Ltext44                                      text44       000000
__Ltext45                                      text45       000000
__Ltext46                                      text46       000000
__Ltext47                                      text47       000000
__Ltext48                                      text48       000000
__Ltext49                                      text49       000000
__Ltext5                                       text5        000000
__Ltext50                                      text50       000000
__Ltext51                                      text51       000000
__Ltext52                                      text52       000000
__Ltext53                                      text53       000000
__Ltext54                                      text54       000000
__Ltext55                                      text55       000000
__Ltext56                                      text56       000000
__Ltext57                                      text57       000000
__Ltext58                                      text58       000000
__Ltext59                                      text59       000000
__Ltext6                                       text6        000000
__Ltext60                                      text60       000000
__Ltext61                                      text61       000000
__Ltext62                                      text62       000000
__Ltext63                                      text63       000000
__Ltext64                                      text64       000000
__Ltext65                                      text65       000000
__Ltext66                                      text66       000000
__Ltext67                                      text67       000000
__Ltext68                                      text68       000000
__Ltext69                                      text69       000000
__Ltext7                                       text7        000000
__Ltext70                                      text70       000000
__Ltext71                                      text71       000000
__Ltext72                                      text72       000000
__Ltext73                                      text73       000000
__Ltext8                                       text8        000000
__Ltext9                                       text9        000000
__S0                                           (abs)        001B70
__S1                                           (abs)        000091
__S4                                           (abs)        000000
__S5                                           (abs)        000000
___heap_hi                                     (abs)        000000
___heap_lo                                     (abs)        000000
___inthi_sp                                    stack        000000
___inthi_stack_hi                              stack        000000
___inthi_stack_lo                              stack        000000
___intlo_sp                                    stack        000000
___intlo_stack_hi                              stack        000000
___intlo_stack_lo                              stack        000000
___param_bank                                  (abs)        000000
___rparam_used                                 (abs)        000001
___sp                                          stack        000000
___stack_hi                                    stack        000000
___stack_lo                                    stack        000000
__accesstop                                    (abs)        000060
__activetblptr                                 (abs)        000003
__end_of_EEPROM_240C02C_Read_Byte              text17       0019D4
__end_of_EEPROM_240C02C_Write_Byte             text15       001A48
__end_of_EUSART_Initialize                     text7        001770
__end_of_EUSART_SetErrorHandler                text10       001AB2
__end_of_EUSART_SetFramingErrorHandler         text9        001AA8
__end_of_EUSART_SetOverrunErrorHandler         text8        001A9E
__end_of_EUSART_Write                          text14       0019BC
__end_of_I2C_CallbackReturnReset               text61       001B64
__end_of_I2C_CallbackReturnStop                text62       001B68
__end_of_I2C_Close                             text30       001854
__end_of_I2C_DO_ADDRESS_NACK                   text38       00172C
__end_of_I2C_DO_IDLE                           text52       001ADA
__end_of_I2C_DO_RCEN                           text47       001AD0
__end_of_I2C_DO_RESET                          text39       001AC6
__end_of_I2C_DO_RX                             text48       001192
__end_of_I2C_DO_RX_ACK                         text42       001B02
__end_of_I2C_DO_RX_NACK_RESTART                text40       001AF2
__end_of_I2C_DO_RX_NACK_STOP                   text41       001AFA
__end_of_I2C_DO_SEND_ADR_READ                  text51       001A7E
__end_of_I2C_DO_SEND_ADR_WRITE                 text50       001A8A
__end_of_I2C_DO_SEND_RESTART                   text44       001B12
__end_of_I2C_DO_SEND_RESTART_READ              text46       001B22
__end_of_I2C_DO_SEND_RESTART_WRITE             text45       001B1A
__end_of_I2C_DO_SEND_STOP                      text43       001B0A
__end_of_I2C_DO_TX                             text49       0010EE
__end_of_I2C_DO_TX_EMPTY                       text53       001452
__end_of_I2C_Initialize                        text6        001A5C
__end_of_I2C_MasterClearIrq                    text33       001B50
__end_of_I2C_MasterClose                       text32       001B4C
__end_of_I2C_MasterDisableIrq                  text31       001B48
__end_of_I2C_MasterEnableIrq                   text26       001B40
__end_of_I2C_MasterEnableRestart               text72       001B70
__end_of_I2C_MasterFsm                         text36       0015FE
__end_of_I2C_MasterGetRxData                   text58       001B5C
__end_of_I2C_MasterIsNack                      text55       001A70
__end_of_I2C_MasterIsr                         text35       001B30
__end_of_I2C_MasterOpen                        text25       00196A
__end_of_I2C_MasterOperation                   text28       0017B4
__end_of_I2C_MasterSendAck                     text57       001B36
__end_of_I2C_MasterSendNack                    text59       001B3C
__end_of_I2C_MasterSendTxData                  text56       001B2A
__end_of_I2C_MasterSetIrq                      text54       001B58
__end_of_I2C_MasterStart                       text29       001B44
__end_of_I2C_MasterStartRx                     text60       001B60
__end_of_I2C_MasterStop                        text71       001B6C
__end_of_I2C_MasterWrite                       text27       001AEA
__end_of_I2C_Open                              text23       001234
__end_of_I2C_Read1ByteRegister                 text18       0013D8
__end_of_I2C_SetAddressNackCallback            text21       001A04
__end_of_I2C_SetBuffer                         text20       001948
__end_of_I2C_SetCallback                       text22       001530
__end_of_I2C_SetDataCompleteCallback           text19       0019EC
__end_of_I2C_SetInterruptHandler               text24       001ABC
__end_of_I2C_Write1ByteRegister                text16       0014C6
__end_of_INTERRUPT_Initialize                  text5        001AE2
__end_of_INTERRUPT_InterruptManagerHigh        intcode      0000B6
__end_of_OSCILLATOR_Initialize                 text4        001A94
__end_of_PIN_MANAGER_Initialize                text3        001826
__end_of_Print_DATE                            text12       0012D4
__end_of_RealTimeClockDS1307_Get_Date_Time     text11       001598
__end_of_SYSTEM_Initialize                     text2        001A32
__end_of_TEMSENSOR_TC74_Read_Temp              text1        0019A4
__end_of_UART_LOGGINGDATA_send_string          text13       0016C8
__end_of__initialization                       cinit        00191C
__end_of_i2c_fsmStateTable                     smallconst   001021
__end_of_main                                  text0        00135A
__end_of_rd1RegCompleteHandler                 text66       0018D8
__end_of_rd2RegCompleteHandler                 text65       0018AC
__end_of_rdBlkRegCompleteHandler               text63       0017F6
__end_of_wr1RegCompleteHandler                 text64       001880
__end_of_wr2RegCompleteHandler                 text67       001904
__end_ofi2_I2C_MasterClearIrq                  text37       001B54
__end_ofi2_I2C_SetBuffer                       text70       00198C
__end_ofi2_I2C_SetCallback                     text69       001664
__end_ofi2_I2C_SetDataCompleteCallback         text68       001A1C
__initialization                               cinit        001904
__mediumconst                                  mediumconst  000000
__pbssBANK0                                    bssBANK0     000060
__pbssCOMRAM                                   bssCOMRAM    000001
__pcinit                                       cinit        001904
__pcstackBANK0                                 cstackBANK0  000078
__pcstackCOMRAM                                cstackCOMRAM 000031
__pintcode                                     intcode      000008
__pnvBANK0                                     nvBANK0      00008B
__psmallconst                                  smallconst   001000
__ptext0                                       text0        0012D4
__ptext1                                       text1        00198C
__ptext10                                      text10       001AA8
__ptext11                                      text11       001530
__ptext12                                      text12       001234
__ptext13                                      text13       001664
__ptext14                                      text14       0019A4
__ptext15                                      text15       001A32
__ptext16                                      text16       001452
__ptext17                                      text17       0019BC
__ptext18                                      text18       00135A
__ptext19                                      text19       0019D4
__ptext2                                       text2        001A1C
__ptext20                                      text20       001926
__ptext21                                      text21       0019EC
__ptext22                                      text22       0014C6
__ptext23                                      text23       001192
__ptext24                                      text24       001AB2
__ptext25                                      text25       001948
__ptext26                                      text26       001B3C
__ptext27                                      text27       001AE2
__ptext28                                      text28       001770
__ptext29                                      text29       001B40
__ptext3                                       text3        0017F6
__ptext30                                      text30       001826
__ptext31                                      text31       001B44
__ptext32                                      text32       001B48
__ptext33                                      text33       001B4C
__ptext35                                      text35       001B2A
__ptext36                                      text36       001598
__ptext37                                      text37       001B50
__ptext38                                      text38       0016C8
__ptext39                                      text39       001ABC
__ptext4                                       text4        001A8A
__ptext40                                      text40       001AEA
__ptext41                                      text41       001AF2
__ptext42                                      text42       001AFA
__ptext43                                      text43       001B02
__ptext44                                      text44       001B0A
__ptext45                                      text45       001B12
__ptext46                                      text46       001B1A
__ptext47                                      text47       001AC6
__ptext48                                      text48       0010EE
__ptext49                                      text49       001030
__ptext5                                       text5        001ADA
__ptext50                                      text50       001A7E
__ptext51                                      text51       001A70
__ptext52                                      text52       001AD0
__ptext53                                      text53       0013D8
__ptext54                                      text54       001B54
__ptext55                                      text55       001A5C
__ptext56                                      text56       001B22
__ptext57                                      text57       001B30
__ptext58                                      text58       001B58
__ptext59                                      text59       001B36
__ptext6                                       text6        001A48
__ptext60                                      text60       001B5C
__ptext61                                      text61       001B60
__ptext62                                      text62       001B64
__ptext63                                      text63       0017B4
__ptext64                                      text64       001854
__ptext65                                      text65       001880
__ptext66                                      text66       0018AC
__ptext67                                      text67       0018D8
__ptext68                                      text68       001A04
__ptext69                                      text69       0015FE
__ptext7                                       text7        00172C
__ptext70                                      text70       00196A
__ptext71                                      text71       001B68
__ptext72                                      text72       001B6C
__ptext73                                      text73       000000
__ptext8                                       text8        001A94
__ptext9                                       text9        001A9E
__ramtop                                       ramtop       001000
__smallconst                                   smallconst   001000
_eusartRxLastError                             bssCOMRAM    000030
_i2c_fsmStateTable                             smallconst   001001
_main                                          text0        0012D4
_rd1RegCompleteHandler                         text66       0018AC
_rd2RegCompleteHandler                         text65       001880
_rdBlkRegCompleteHandler                       text63       0017B4
_valueu3                                       bssCOMRAM    00002F
_valueu5                                       bssCOMRAM    00002E
_wr1RegCompleteHandler                         text64       001854
_wr2RegCompleteHandler                         text67       0018D8
btemp                                          temp         00004C
end_of_initialization                          cinit        00191C
i2I2C_SetBuffer@buffer                         cstackCOMRAM 000031
i2I2C_SetBuffer@bufferSize                     cstackCOMRAM 000033
i2I2C_SetCallback@cb                           cstackCOMRAM 000031
i2I2C_SetCallback@idx                          cstackCOMRAM 000035
i2I2C_SetCallback@ptr                          cstackCOMRAM 000033
i2I2C_SetDataCompleteCallback@cb               cstackCOMRAM 000036
i2I2C_SetDataCompleteCallback@ptr              cstackCOMRAM 000038
i2_I2C_MasterClearIrq                          text37       001B50
i2_I2C_SetBuffer                               text70       00196A
i2_I2C_SetCallback                             text69       0015FE
i2_I2C_SetDataCompleteCallback                 text68       001A04
int$flags                                      temp         00004C
intlevel0                                      text         000000
intlevel1                                      text         000000
intlevel2                                      text         000000
intlevel3                                      text         000000
isa$std                                        (abs)        000001
isa$xinst                                      (abs)        000000
rd1RegCompleteHandler@ptr                      cstackCOMRAM 00003A
rd2RegCompleteHandler@ptr                      cstackCOMRAM 00003A
rdBlkRegCompleteHandler@ptr                    cstackCOMRAM 00003A
stackhi                                        (abs)        000000
stacklo                                        (abs)        000000
start                                          init         0000B6
start_initialization                           cinit        001904
ttemp5                                         temp         00004D
ttemp6                                         temp         000050
ttemp7                                         temp         000054
wr1RegCompleteHandler@ptr                      cstackCOMRAM 00003A
wr2RegCompleteHandler@ptr                      cstackCOMRAM 00003A
wtemp8                                         temp         00004D


MODULE INFORMATION

Module		Function		Class		Link	Load	Size
Modules/RealTimeClockDS1307/RealTimeClockDS1307.c
		_Print_DATE    		CODE           	1234	0000	160
		_RealTimeClockDS1307_Get_Date_Time		CODE           	1530	0000	104

Modules/RealTimeClockDS1307/RealTimeClockDS1307.c estimated size: 264

Modules/Uart_LoggingDate/UART_LoggingDate.c
		_UART_LOGGINGDATA_send_string		CODE           	1664	0000	100

Modules/Uart_LoggingDate/UART_LoggingDate.c estimated size: 100

mcc_generated_files/interrupt_manager.c
		_INTERRUPT_Initialize		CODE           	1ADA	0000	8
		_INTERRUPT_InterruptManagerHigh		CODE           	0008	0000	174

mcc_generated_files/interrupt_manager.c estimated size: 182

mcc_generated_files/examples/i2c_master_example.c
		_wr1RegCompleteHandler		CODE           	1854	0000	44
		_wr2RegCompleteHandler		CODE           	18D8	0000	44
		_I2C_Write1ByteRegister		CODE           	1452	0000	116
		_I2C_Read1ByteRegister		CODE           	135A	0000	126
		_rdBlkRegCompleteHandler		CODE           	17B4	0000	66
		_rd1RegCompleteHandler		CODE           	18AC	0000	44
		_rd2RegCompleteHandler		CODE           	1880	0000	44

mcc_generated_files/examples/i2c_master_example.c estimated size: 484

Modules/TemSensor_TC74/TemSensor_TC74.c
		_TEMSENSOR_TC74_Read_Temp		CODE           	198C	0000	24

Modules/TemSensor_TC74/TemSensor_TC74.c estimated size: 24

mcc_generated_files/pin_manager.c
		_PIN_MANAGER_Initialize		CODE           	17F6	0000	48

mcc_generated_files/pin_manager.c estimated size: 48

shared
		i2_I2C_SetBuffer		CODE           	196A	0000	34
		__initialization		CODE           	1904	0000	24
		i2_I2C_SetCallback		CODE           	15FE	0000	102
		i2_I2C_SetDataCompleteCallback		CODE           	1A04	0000	24
		i2_I2C_MasterClearIrq		CODE           	1B50	0000	4
		_i2c_fsmStateTable		SMALLCONST     	1001	0000	32

shared estimated size: 220

mcc_generated_files/mcc.c
		_OSCILLATOR_Initialize		CODE           	1A8A	0000	10
		_SYSTEM_Initialize		CODE           	1A1C	0000	22

mcc_generated_files/mcc.c estimated size: 32

mcc_generated_files/i2c_master.c
		_I2C_Close     		CODE           	1826	0000	46
		_I2C_MasterStartRx		CODE           	1B5C	0000	4
		_I2C_DO_SEND_ADR_WRITE		CODE           	1A7E	0000	12
		_I2C_DO_SEND_STOP		CODE           	1B02	0000	8
		_I2C_MasterSendNack		CODE           	1B36	0000	6
		_I2C_MasterDisableIrq		CODE           	1B44	0000	4
		_I2C_CallbackReturnStop		CODE           	1B64	0000	4
		_I2C_MasterOperation		CODE           	1770	0000	68
		_I2C_DO_SEND_ADR_READ		CODE           	1A70	0000	14
		_I2C_DO_RX_NACK_STOP		CODE           	1AF2	0000	8
		_I2C_DO_SEND_RESTART		CODE           	1B0A	0000	8
		_I2C_DO_RX     		CODE           	10EE	0000	164
		_I2C_DO_TX     		CODE           	1030	0000	190
		_I2C_DO_IDLE   		CODE           	1AD0	0000	10
		_I2C_DO_RCEN   		CODE           	1AC6	0000	10
		_I2C_DO_RESET  		CODE           	1ABC	0000	10
		_I2C_MasterClose		CODE           	1B48	0000	4
		_I2C_MasterWrite		CODE           	1AE2	0000	8
		_I2C_DO_RX_ACK 		CODE           	1AFA	0000	8
		_I2C_MasterStart		CODE           	1B40	0000	4
		_I2C_MasterClearIrq		CODE           	1B4C	0000	4
		_I2C_MasterGetRxData		CODE           	1B58	0000	4
		_I2C_SetCallback		CODE           	14C6	0000	106
		_I2C_DO_ADDRESS_NACK		CODE           	16C8	0000	100
		_I2C_MasterEnableRestart		CODE           	1B6C	0000	4
		_I2C_CallbackReturnReset		CODE           	1B60	0000	4
		_I2C_Open      		CODE           	1192	0000	162
		_I2C_SetAddressNackCallback		CODE           	19EC	0000	24
		_I2C_DO_TX_EMPTY		CODE           	13D8	0000	122
		_I2C_DO_SEND_RESTART_WRITE		CODE           	1B12	0000	8
		_I2C_MasterIsNack		CODE           	1A5C	0000	20
		_I2C_SetDataCompleteCallback		CODE           	19D4	0000	24
		_I2C_DO_RX_NACK_RESTART		CODE           	1AEA	0000	8
		_I2C_MasterSendAck		CODE           	1B30	0000	6
		_I2C_MasterFsm 		CODE           	1598	0000	102
		_I2C_MasterIsr 		CODE           	1B2A	0000	6
		_I2C_MasterSetIrq		CODE           	1B54	0000	4
		_I2C_DO_SEND_RESTART_READ		CODE           	1B1A	0000	8
		_I2C_MasterEnableIrq		CODE           	1B3C	0000	4
		_I2C_Initialize		CODE           	1A48	0000	20
		_I2C_SetBuffer 		CODE           	1926	0000	34
		_I2C_SetInterruptHandler		CODE           	1AB2	0000	10
		_I2C_MasterOpen		CODE           	1948	0000	34
		_I2C_MasterSendTxData		CODE           	1B22	0000	8
		_I2C_MasterStop		CODE           	1B68	0000	4

mcc_generated_files/i2c_master.c estimated size: 1420

mcc_generated_files/eusart.c
		_EUSART_Write  		CODE           	19A4	0000	24
		_EUSART_Initialize		CODE           	172C	0000	68
		_EUSART_SetFramingErrorHandler		CODE           	1A9E	0000	10
		_EUSART_SetErrorHandler		CODE           	1AA8	0000	10
		_EUSART_SetOverrunErrorHandler		CODE           	1A94	0000	10

mcc_generated_files/eusart.c estimated size: 122

main.c
		_main          		CODE           	12D4	0000	134

main.c estimated size: 134

Modules/EEPROM_24C02C/EEPROM_24C02C.c
		_EEPROM_240C02C_Read_Byte		CODE           	19BC	0000	24
		_EEPROM_240C02C_Write_Byte		CODE           	1A32	0000	22

Modules/EEPROM_24C02C/EEPROM_24C02C.c estimated size: 46

